Archive member included to satisfy reference by file (symbol)

/usr/lib/gcc/arm-none-eabi/13.2.1/thumb/v6-m/nofp/libgcc.a(_dvmd_tls.o)
                              CMakeFiles/hello_freertos.dir/home/tyler/ece6785/pico-sdk/src/rp2_common/pico_divider/divider_hardware.S.o (__aeabi_idiv0)
/usr/lib/gcc/arm-none-eabi/13.2.1/../../../arm-none-eabi/lib/thumb/v6-m/nofp/libg.a(libc_a-strncmp.o)
                              CMakeFiles/hello_freertos.dir/home/tyler/ece6785/pico-sdk/lib/cyw43-driver/src/cyw43_ll.c.o (strncmp)
/usr/lib/gcc/arm-none-eabi/13.2.1/../../../arm-none-eabi/lib/thumb/v6-m/nofp/libg.a(libc_a-memmove.o)
                              CMakeFiles/hello_freertos.dir/home/tyler/ece6785/pico-sdk/lib/cyw43-driver/src/cyw43_ll.c.o (memmove)
/usr/lib/gcc/arm-none-eabi/13.2.1/../../../arm-none-eabi/lib/thumb/v6-m/nofp/libg.a(libc_a-calloc.o)
                              CMakeFiles/hello_freertos.dir/home/tyler/ece6785/pico-sdk/src/rp2_common/pico_malloc/malloc.c.o (calloc)
/usr/lib/gcc/arm-none-eabi/13.2.1/../../../arm-none-eabi/lib/thumb/v6-m/nofp/libg.a(libc_a-impure.o)
                              /usr/lib/gcc/arm-none-eabi/13.2.1/../../../arm-none-eabi/lib/thumb/v6-m/nofp/libg.a(libc_a-calloc.o) (_impure_ptr)
/usr/lib/gcc/arm-none-eabi/13.2.1/../../../arm-none-eabi/lib/thumb/v6-m/nofp/libg.a(libc_a-callocr.o)
                              /usr/lib/gcc/arm-none-eabi/13.2.1/../../../arm-none-eabi/lib/thumb/v6-m/nofp/libg.a(libc_a-calloc.o) (_calloc_r)
/usr/lib/gcc/arm-none-eabi/13.2.1/../../../arm-none-eabi/lib/thumb/v6-m/nofp/libg.a(libc_a-realloc.o)
                              CMakeFiles/hello_freertos.dir/home/tyler/ece6785/pico-sdk/src/rp2_common/pico_malloc/malloc.c.o (realloc)
/usr/lib/gcc/arm-none-eabi/13.2.1/../../../arm-none-eabi/lib/thumb/v6-m/nofp/libg.a(libc_a-mallocr.o)
                              /usr/lib/gcc/arm-none-eabi/13.2.1/../../../arm-none-eabi/lib/thumb/v6-m/nofp/libg.a(libc_a-callocr.o) (_malloc_r)
/usr/lib/gcc/arm-none-eabi/13.2.1/../../../arm-none-eabi/lib/thumb/v6-m/nofp/libg.a(libc_a-freer.o)
                              /usr/lib/gcc/arm-none-eabi/13.2.1/../../../arm-none-eabi/lib/thumb/v6-m/nofp/libg.a(libc_a-mallocr.o) (_free_r)
/usr/lib/gcc/arm-none-eabi/13.2.1/../../../arm-none-eabi/lib/thumb/v6-m/nofp/libg.a(libc_a-memcmp.o)
                              CMakeFiles/hello_freertos.dir/home/tyler/ece6785/pico-sdk/src/rp2_common/pico_atomic/atomic.c.o (memcmp)
/usr/lib/gcc/arm-none-eabi/13.2.1/../../../arm-none-eabi/lib/thumb/v6-m/nofp/libg.a(libc_a-malloc.o)
                              CMakeFiles/hello_freertos.dir/home/tyler/ece6785/pico-sdk/src/rp2_common/pico_malloc/malloc.c.o (malloc)
/usr/lib/gcc/arm-none-eabi/13.2.1/../../../arm-none-eabi/lib/thumb/v6-m/nofp/libg.a(libc_a-sysconf.o)
                              /usr/lib/gcc/arm-none-eabi/13.2.1/../../../arm-none-eabi/lib/thumb/v6-m/nofp/libg.a(libc_a-mallocr.o) (sysconf)
/usr/lib/gcc/arm-none-eabi/13.2.1/../../../arm-none-eabi/lib/thumb/v6-m/nofp/libg.a(libc_a-init.o)
                              /usr/lib/gcc/arm-none-eabi/13.2.1/../../../arm-none-eabi/lib/thumb/v6-m/nofp/crt0.o (__libc_init_array)
/usr/lib/gcc/arm-none-eabi/13.2.1/../../../arm-none-eabi/lib/thumb/v6-m/nofp/libg.a(libc_a-reallocr.o)
                              /usr/lib/gcc/arm-none-eabi/13.2.1/../../../arm-none-eabi/lib/thumb/v6-m/nofp/libg.a(libc_a-realloc.o) (_realloc_r)
/usr/lib/gcc/arm-none-eabi/13.2.1/../../../arm-none-eabi/lib/thumb/v6-m/nofp/libg.a(libc_a-mktime.o)
                              CMakeFiles/hello_freertos.dir/home/tyler/ece6785/pico-sdk/src/common/pico_util/datetime.c.o (mktime)
/usr/lib/gcc/arm-none-eabi/13.2.1/../../../arm-none-eabi/lib/thumb/v6-m/nofp/libg.a(libc_a-mlock.o)
                              /usr/lib/gcc/arm-none-eabi/13.2.1/../../../arm-none-eabi/lib/thumb/v6-m/nofp/libg.a(libc_a-mallocr.o) (__malloc_lock)
/usr/lib/gcc/arm-none-eabi/13.2.1/../../../arm-none-eabi/lib/thumb/v6-m/nofp/libg.a(libc_a-findfp.o)
                              /usr/lib/gcc/arm-none-eabi/13.2.1/../../../arm-none-eabi/lib/thumb/v6-m/nofp/libg.a(libc_a-impure.o) (__sf)
/usr/lib/gcc/arm-none-eabi/13.2.1/../../../arm-none-eabi/lib/thumb/v6-m/nofp/libg.a(libc_a-tzlock.o)
                              /usr/lib/gcc/arm-none-eabi/13.2.1/../../../arm-none-eabi/lib/thumb/v6-m/nofp/libg.a(libc_a-mktime.o) (__tz_lock)
/usr/lib/gcc/arm-none-eabi/13.2.1/../../../arm-none-eabi/lib/thumb/v6-m/nofp/libg.a(libc_a-atexit.o)
                              /usr/lib/gcc/arm-none-eabi/13.2.1/../../../arm-none-eabi/lib/thumb/v6-m/nofp/crt0.o (atexit)
/usr/lib/gcc/arm-none-eabi/13.2.1/../../../arm-none-eabi/lib/thumb/v6-m/nofp/libg.a(libc_a-lcltime_r.o)
                              CMakeFiles/hello_freertos.dir/home/tyler/ece6785/pico-sdk/src/common/pico_util/datetime.c.o (localtime_r)
/usr/lib/gcc/arm-none-eabi/13.2.1/../../../arm-none-eabi/lib/thumb/v6-m/nofp/libg.a(libc_a-strlen-stub.o)
[...]
Memory Configuration

Name             Origin             Length             Attributes
FLASH            0x10000000         0x00200000         xr
RAM              0x20000000         0x00040000         xrw
SCRATCH_X        0x20040000         0x00001000         xrw
SCRATCH_Y        0x20041000         0x00001000         xrw
*default*        0x00000000         0xffffffff

Linker script and memory map

LOAD /usr/lib/gcc/arm-none-eabi/13.2.1/thumb/v6-m/nofp/crti.o
LOAD /usr/lib/gcc/arm-none-eabi/13.2.1/thumb/v6-m/nofp/crtbegin.o
LOAD /usr/lib/gcc/arm-none-eabi/13.2.1/../../../arm-none-eabi/lib/thumb/v6-m/nofp/crt0.o

.flash_begin    0x10000000        0x0
                0x10000000                        __flash_binary_start = .

.boot2          0x10000000      0x100
                0x10000000                        __boot2_start__ = .
 *(.boot2)
 .boot2         0x10000000      0x100 ../pico-sdk/src/rp2040/boot_stage2/CMakeFiles/bs2_default_library.dir/bs2_default_padded_checksummed.S.o
                0x10000100                        __boot2_end__ = .
                0x00000001                        ASSERT (((__boot2_end__ - __boot2_start__) == 0x100), ERROR: Pico second stage bootloader must be 256 bytes in size)

.text           0x10000100     0xd7dc
                0x10000100                        __logical_binary_start = .
 *(.vectors)
 .vectors       0x10000100       0xd4 CMakeFiles/hello_freertos.dir/home/tyler/ece6785/pico-sdk/src/rp2_common/pico_crt0/crt0.S.o
                0x10000100                __vectors
                0x10000100                __VECTOR_TABLE
                0x100001c0                isr_irq30
                0x100001c0                __unhandled_user_irq
                0x100001c0                isr_irq13
                0x100001c0                isr_irq27
                0x100001c0                isr_irq31
                0x100001c0                isr_irq5
                0x100001c0                isr_irq11
                0x100001c0                isr_irq23
                0x100001c0                isr_irq18
                0x100001c0                isr_irq28
                0x100001c0                isr_irq19
                0x100001c0                isr_irq0
                0x100001c0                isr_irq6
                0x100001c0                isr_irq22
                0x100001c0                isr_irq17
                0x100001c0                isr_irq14
                0x100001c0                __vectors_end
                0x100001c0                __default_isrs_start
                0x100001c0                isr_irq2
                0x100001c0                isr_irq10
                0x100001c0                isr_irq8
                0x100001c0                isr_irq24
                0x100001c0                isr_irq1
                0x100001c0                isr_irq7
                0x100001c0                isr_irq21
                0x100001c0                isr_irq20
                0x100001c0                isr_irq15
                0x100001c0                isr_irq25
                0x100001c0                isr_irq4
                0x100001c0                isr_irq16
                0x100001c0                isr_irq29
                0x100001c0                isr_irq26
                0x100001c0                isr_irq3
                0x100001c0                isr_irq12
                0x100001c0                isr_irq9
                0x100001c6                unhandled_user_irq_num_in_r0
                0x100001c8                isr_invalid
                0x100001ca                isr_nmi
                0x100001cc                isr_hardfault
                0x100001ce                isr_svcall
                0x100001d0                isr_pendsv
                0x100001d2                isr_systick
                0x100001d4                __default_isrs_end
 *(.binary_info_header)
 .binary_info_header
                0x100001d4       0x14 CMakeFiles/hello_freertos.dir/home/tyler/ece6785/pico-sdk/src/rp2_common/pico_crt0/crt0.S.o
                0x100001e8                        __binary_info_header_end = .
 *(.embedded_block)
                0x100001e8                        __embedded_block_end = .
 *(.reset)
 .reset         0x100001e8       0x9c CMakeFiles/hello_freertos.dir/home/tyler/ece6785/pico-sdk/src/rp2_common/pico_crt0/crt0.S.o
                0x100001e8                _entry_point
 *(.init)
 .init          0x10000284        0x4 /usr/lib/gcc/arm-none-eabi/13.2.1/thumb/v6-m/nofp/crti.o
                0x10000284                _init
 *(EXCLUDE_FILE(*libm.a: *libc.a:*lib_a-mem*.o *libgcc.a:) .text*)
 .text          0x10000288       0x98 /usr/lib/gcc/arm-none-eabi/13.2.1/thumb/v6-m/nofp/crtbegin.o
 .text.blink_task
                0x10000320       0x48 CMakeFiles/hello_freertos.dir/hello_freertos.c.o
                0x10000320                blink_task
 .text.main_task
                0x10000368       0x60 CMakeFiles/hello_freertos.dir/hello_freertos.c.o
                0x10000368                main_task
 .text.startup.main
                0x100003c8       0x30 CMakeFiles/hello_freertos.dir/hello_freertos.c.o
                0x100003c8                main
 .text.gpio_set_function
                0x100003f8       0x34 CMakeFiles/hello_freertos.dir/home/tyler/ece6785/pico-sdk/src/rp2_common/hardware_gpio/gpio.c.o
                0x100003f8                gpio_set_function
 .text.gpio_set_pulls
                0x1000042c       0x28 CMakeFiles/hello_freertos.dir/home/tyler/ece6785/pico-sdk/src/rp2_common/hardware_gpio/gpio.c.o
                0x1000042c                gpio_set_pulls
 .text.gpio_set_input_hysteresis_enabled
                0x10000454       0x28 CMakeFiles/hello_freertos.dir/home/tyler/ece6785/pico-sdk/src/rp2_common/hardware_gpio/gpio.c.o
                0x10000454                gpio_set_input_hysteresis_enabled
 .text.gpio_set_irq_enabled
                0x1000047c       0x58 CMakeFiles/hello_freertos.dir/home/tyler/ece6785/pico-sdk/src/rp2_common/hardware_gpio/gpio.c.o
                0x1000047c                gpio_set_irq_enabled
 .text.gpio_add_raw_irq_handler_with_order_priority_masked
                0x100004d4       0x44 CMakeFiles/hello_freertos.dir/home/tyler/ece6785/pico-sdk/src/rp2_common/hardware_gpio/gpio.c.o
                0x100004d4                gpio_add_raw_irq_handler_with_order_priority_masked
 .text.gpio_remove_raw_irq_handler_masked
                0x10000518       0x20 CMakeFiles/hello_freertos.dir/home/tyler/ece6785/pico-sdk/src/rp2_common/hardware_gpio/gpio.c.o
                0x10000518                gpio_remove_raw_irq_handler_masked
 .text.gpio_init
                0x10000538       0x40 CMakeFiles/hello_freertos.dir/home/tyler/ece6785/pico-sdk/src/rp2_common/hardware_gpio/gpio.c.o
                0x10000538                gpio_init
 .text.rp2040_chip_version
                0x10000578        0xc CMakeFiles/hello_freertos.dir/home/tyler/ece6785/pico-sdk/src/rp2040/pico_platform/platform.c.o
                0x10000578                rp2040_chip_version
 .text.panic    0x10000584       0x30 CMakeFiles/hello_freertos.dir/home/tyler/ece6785/pico-sdk/src/rp2_common/pico_platform_panic/panic.c.o
                0x10000584                panic
 .text.panic_unsupported
                0x100005b4        0xc CMakeFiles/hello_freertos.dir/home/tyler/ece6785/pico-sdk/src/rp2_common/pico_platform_panic/panic.c.o
                0x100005b4                panic_unsupported
 .text.hw_claim_lock
                0x100005c0       0x18 CMakeFiles/hello_freertos.dir/home/tyler/ece6785/pico-sdk/src/common/hardware_claim/claim.c.o
                0x100005c0                hw_claim_lock
 .text.hw_claim_unlock
                0x100005d8       0x14 CMakeFiles/hello_freertos.dir/home/tyler/ece6785/pico-sdk/src/common/hardware_claim/claim.c.o
                0x100005d8                hw_claim_unlock
 .text.hw_claim_or_assert
                0x100005ec       0x44 CMakeFiles/hello_freertos.dir/home/tyler/ece6785/pico-sdk/src/common/hardware_claim/claim.c.o
                0x100005ec                hw_claim_or_assert
 .text.hw_claim_unused_from_range
                0x10000630       0x9c CMakeFiles/hello_freertos.dir/home/tyler/ece6785/pico-sdk/src/common/hardware_claim/claim.c.o
                0x10000630                hw_claim_unused_from_range
 .text.hw_claim_clear
                0x100006cc       0x38 CMakeFiles/hello_freertos.dir/home/tyler/ece6785/pico-sdk/src/common/hardware_claim/claim.c.o
                0x100006cc                hw_claim_clear
 .text.next_striped_spin_lock_num
                0x10000704       0x18 CMakeFiles/hello_freertos.dir/home/tyler/ece6785/pico-sdk/src/rp2_common/hardware_sync/sync.c.o
                0x10000704                next_striped_spin_lock_num
 .text.spin_lock_claim_unused
                0x1000071c       0x24 CMakeFiles/hello_freertos.dir/home/tyler/ece6785/pico-sdk/src/rp2_common/hardware_sync/sync.c.o
                0x1000071c                spin_lock_claim_unused
 .text.spin_locks_reset
                0x10000740       0x1c CMakeFiles/hello_freertos.dir/home/tyler/ece6785/pico-sdk/src/rp2_common/hardware_sync_spin_lock/sync_spin_lock.c.o
                0x10000740                spin_locks_reset
 .text.runtime_init_per_core_irq_priorities
                0x1000075c       0x24 CMakeFiles/hello_freertos.dir/home/tyler/ece6785/pico-sdk/src/rp2_common/hardware_irq/irq.c.o
                0x1000075c                runtime_init_per_core_irq_priorities
 .text.irq_set_enabled
                0x10000780       0x24 CMakeFiles/hello_freertos.dir/home/tyler/ece6785/pico-sdk/src/rp2_common/hardware_irq/irq.c.o
                0x10000780                irq_set_enabled
 .text.irq_is_enabled
                0x100007a4       0x18 CMakeFiles/hello_freertos.dir/home/tyler/ece6785/pico-sdk/src/rp2_common/hardware_irq/irq.c.o
                0x100007a4                irq_is_enabled
 .text.irq_set_pending
                0x100007bc       0x10 CMakeFiles/hello_freertos.dir/home/tyler/ece6785/pico-sdk/src/rp2_common/hardware_irq/irq.c.o
                0x100007bc                irq_set_pending
 .text.irq_has_shared_handler
                0x100007cc       0x24 CMakeFiles/hello_freertos.dir/home/tyler/ece6785/pico-sdk/src/rp2_common/hardware_irq/irq.c.o
                0x100007cc                irq_has_shared_handler
 .text.irq_set_exclusive_handler
                0x100007f0       0x54 CMakeFiles/hello_freertos.dir/home/tyler/ece6785/pico-sdk/src/rp2_common/hardware_irq/irq.c.o
                0x100007f0                irq_set_exclusive_handler
 .text.irq_add_shared_handler
                0x10000844      0x1f4 CMakeFiles/hello_freertos.dir/home/tyler/ece6785/pico-sdk/src/rp2_common/hardware_irq/irq.c.o
                0x10000844                irq_add_shared_handler
 .text.irq_remove_handler
                0x10000a38      0x1d4 CMakeFiles/hello_freertos.dir/home/tyler/ece6785/pico-sdk/src/rp2_common/hardware_irq/irq.c.o
                0x10000a38                irq_remove_handler
 .text.irq_set_priority
                0x10000c0c       0x28 CMakeFiles/hello_freertos.dir/home/tyler/ece6785/pico-sdk/src/rp2_common/hardware_irq/irq.c.o
                0x10000c0c                irq_set_priority
 .text.irq_add_tail_to_free_list
                0x10000c34       0xb4 CMakeFiles/hello_freertos.dir/home/tyler/ece6785/pico-sdk/src/rp2_common/hardware_irq/irq.c.o
                0x10000c34                irq_add_tail_to_free_list
 .text.user_irq_unclaim
                0x10000ce8       0x14 CMakeFiles/hello_freertos.dir/home/tyler/ece6785/pico-sdk/src/rp2_common/hardware_irq/irq.c.o
                0x10000ce8                user_irq_unclaim
 .text.user_irq_claim_unused
                0x10000cfc       0x2c CMakeFiles/hello_freertos.dir/home/tyler/ece6785/pico-sdk/src/rp2_common/hardware_irq/irq.c.o
                0x10000cfc                user_irq_claim_unused
 .text.sem_init
                0x10000d28       0x20 CMakeFiles/hello_freertos.dir/home/tyler/ece6785/pico-sdk/src/common/pico_sync/sem.c.o
                0x10000d28                sem_init
 .text.lock_init
                0x10000d48       0x10 CMakeFiles/hello_freertos.dir/home/tyler/ece6785/pico-sdk/src/common/pico_sync/lock_core.c.o
                0x10000d48                lock_init
 .text.runtime_init_mutex
                0x10000d58       0x54 CMakeFiles/hello_freertos.dir/home/tyler/ece6785/pico-sdk/src/common/pico_sync/mutex.c.o
                0x10000d58                runtime_init_mutex
 .text.mutex_init
                0x10000dac       0x1c CMakeFiles/hello_freertos.dir/home/tyler/ece6785/pico-sdk/src/common/pico_sync/mutex.c.o
                0x10000dac                mutex_init
 .text.recursive_mutex_init
                0x10000dc8       0x20 CMakeFiles/hello_freertos.dir/home/tyler/ece6785/pico-sdk/src/common/pico_sync/mutex.c.o
                0x10000dc8                recursive_mutex_init
 .text.critical_section_init
                0x10000de8       0x1c CMakeFiles/hello_freertos.dir/home/tyler/ece6785/pico-sdk/src/common/pico_sync/critical_section.c.o
                0x10000de8                critical_section_init
 .text.critical_section_init_with_lock_num
                0x10000e04       0x14 CMakeFiles/hello_freertos.dir/home/tyler/ece6785/pico-sdk/src/common/pico_sync/critical_section.c.o
                0x10000e04                critical_section_init_with_lock_num
 .text.alarm_pool_irq_handler
                0x10000e18      0x2fc CMakeFiles/hello_freertos.dir/home/tyler/ece6785/pico-sdk/src/common/pico_time/time.c.o
 .text.sleep_until_callback
                0x10001114       0x24 CMakeFiles/hello_freertos.dir/home/tyler/ece6785/pico-sdk/src/common/pico_time/time.c.o
 .text.runtime_init_default_alarm_pool
                0x10001138       0xdc CMakeFiles/hello_freertos.dir/home/tyler/ece6785/pico-sdk/src/common/pico_time/time.c.o
                0x10001138                runtime_init_default_alarm_pool
 .text.alarm_pool_get_default
                0x10001214        0x8 CMakeFiles/hello_freertos.dir/home/tyler/ece6785/pico-sdk/src/common/pico_time/time.c.o
                0x10001214                alarm_pool_get_default
 .text.alarm_pool_create_on_timer_with_unused_hardware_alarm
                0x1000121c       0xa8 CMakeFiles/hello_freertos.dir/home/tyler/ece6785/pico-sdk/src/common/pico_time/time.c.o
                0x1000121c                alarm_pool_create_on_timer_with_unused_hardware_alarm
 .text.alarm_pool_destroy
                0x100012c4       0x5c CMakeFiles/hello_freertos.dir/home/tyler/ece6785/pico-sdk/src/common/pico_time/time.c.o
                0x100012c4                alarm_pool_destroy
 .text.alarm_pool_add_alarm_at
                0x10001320       0xd4 CMakeFiles/hello_freertos.dir/home/tyler/ece6785/pico-sdk/src/common/pico_time/time.c.o
                0x10001320                alarm_pool_add_alarm_at
 .text.alarm_pool_add_alarm_at_force_in_context
                0x100013f4       0xb0 CMakeFiles/hello_freertos.dir/home/tyler/ece6785/pico-sdk/src/common/pico_time/time.c.o
                0x100013f4                alarm_pool_add_alarm_at_force_in_context
 .text.alarm_pool_cancel_alarm
                0x100014a4       0x74 CMakeFiles/hello_freertos.dir/home/tyler/ece6785/pico-sdk/src/common/pico_time/time.c.o
                0x100014a4                alarm_pool_cancel_alarm
 .text.alarm_pool_core_num
                0x10001518        0x4 CMakeFiles/hello_freertos.dir/home/tyler/ece6785/pico-sdk/src/common/pico_time/time.c.o
                0x10001518                alarm_pool_core_num
 .text.sleep_until
                0x1000151c       0xcc CMakeFiles/hello_freertos.dir/home/tyler/ece6785/pico-sdk/src/common/pico_time/time.c.o
                0x1000151c                sleep_until
 .text.best_effort_wfe_or_timeout
                0x100015e8       0xf8 CMakeFiles/hello_freertos.dir/home/tyler/ece6785/pico-sdk/src/common/pico_time/time.c.o
                0x100015e8                best_effort_wfe_or_timeout
 .text.alarm_pool_get_default_timer
                0x100016e0        0x8 CMakeFiles/hello_freertos.dir/home/tyler/ece6785/pico-sdk/src/common/pico_time/time.c.o
                0x100016e0                alarm_pool_get_default_timer
 .text.timer_hardware_alarm_claim
                0x100016e8       0x14 CMakeFiles/hello_freertos.dir/home/tyler/ece6785/pico-sdk/src/rp2_common/hardware_timer/timer.c.o
                0x100016e8                timer_hardware_alarm_claim
 .text.timer_hardware_alarm_unclaim
                0x100016fc       0x10 CMakeFiles/hello_freertos.dir/home/tyler/ece6785/pico-sdk/src/rp2_common/hardware_timer/timer.c.o
                0x100016fc                timer_hardware_alarm_unclaim
 .text.timer_hardware_alarm_claim_unused
                0x1000170c       0x20 CMakeFiles/hello_freertos.dir/home/tyler/ece6785/pico-sdk/src/rp2_common/hardware_timer/timer.c.o
                0x1000170c                timer_hardware_alarm_claim_unused
 .text.timer_time_us_64
                0x1000172c       0x10 CMakeFiles/hello_freertos.dir/home/tyler/ece6785/pico-sdk/src/rp2_common/hardware_timer/timer.c.o
                0x1000172c                timer_time_us_64
 .text.time_us_64
                0x1000173c       0x14 CMakeFiles/hello_freertos.dir/home/tyler/ece6785/pico-sdk/src/rp2_common/hardware_timer/timer.c.o
                0x1000173c                time_us_64
 .text.busy_wait_us
                0x10001750       0x68 CMakeFiles/hello_freertos.dir/home/tyler/ece6785/pico-sdk/src/rp2_common/hardware_timer/timer.c.o
                0x10001750                busy_wait_us
 .text.busy_wait_until
                0x100017b8       0x20 CMakeFiles/hello_freertos.dir/home/tyler/ece6785/pico-sdk/src/rp2_common/hardware_timer/timer.c.o
                0x100017b8                busy_wait_until
 .text.clock_configure_int_divider
                0x100017d8       0xf4 CMakeFiles/hello_freertos.dir/home/tyler/ece6785/pico-sdk/src/rp2_common/hardware_clocks/clocks.c.o
                0x100017d8                clock_configure_int_divider
 .text.clock_configure_undivided
                0x100018cc       0xe8 CMakeFiles/hello_freertos.dir/home/tyler/ece6785/pico-sdk/src/rp2_common/hardware_clocks/clocks.c.o
                0x100018cc                clock_configure_undivided
 .text.clock_get_hz
                0x100019b4        0xc CMakeFiles/hello_freertos.dir/home/tyler/ece6785/pico-sdk/src/rp2_common/hardware_clocks/clocks.c.o
                0x100019b4                clock_get_hz
 .text.pll_init
                0x100019c0       0xa4 CMakeFiles/hello_freertos.dir/home/tyler/ece6785/pico-sdk/src/rp2_common/hardware_pll/pll.c.o
                0x100019c0                pll_init
 .text.watchdog_reboot
                0x10001a64       0x9c CMakeFiles/hello_freertos.dir/home/tyler/ece6785/pico-sdk/src/rp2_common/hardware_watchdog/watchdog.c.o
                0x10001a64                watchdog_reboot
 .text.tick_start
                0x10001b00       0x10 CMakeFiles/hello_freertos.dir/home/tyler/ece6785/pico-sdk/src/rp2_common/hardware_ticks/ticks.c.o
                0x10001b00                tick_start
 .text.rom_func_lookup
                0x10001b10       0x10 CMakeFiles/hello_freertos.dir/home/tyler/ece6785/pico-sdk/src/rp2_common/pico_bootrom/bootrom.c.o
                0x10001b10                rom_func_lookup
 .text.rom_data_lookup
                0x10001b20       0x10 CMakeFiles/hello_freertos.dir/home/tyler/ece6785/pico-sdk/src/rp2_common/pico_bootrom/bootrom.c.o
                0x10001b20                rom_data_lookup
 .text.rom_funcs_lookup
                0x10001b30       0x44 CMakeFiles/hello_freertos.dir/home/tyler/ece6785/pico-sdk/src/rp2_common/pico_bootrom/bootrom.c.o
                0x10001b30                rom_funcs_lookup
 .text.rom_reset_usb_boot
                0x10001b74       0x20 CMakeFiles/hello_freertos.dir/home/tyler/ece6785/pico-sdk/src/rp2_common/pico_bootrom/bootrom.c.o
                0x10001b74                rom_reset_usb_boot
 .text.rom_reset_usb_boot_extra
                0x10001b94       0x28 CMakeFiles/hello_freertos.dir/home/tyler/ece6785/pico-sdk/src/rp2_common/pico_bootrom/bootrom.c.o
                0x10001b94                rom_reset_usb_boot_extra
 .text.xosc_init
                0x10001bbc       0x28 CMakeFiles/hello_freertos.dir/home/tyler/ece6785/pico-sdk/src/rp2_common/hardware_xosc/xosc.c.o
                0x10001bbc                xosc_init
 .text.first_per_core_initializer
                0x10001be4        0x4 CMakeFiles/hello_freertos.dir/home/tyler/ece6785/pico-sdk/src/rp2_common/pico_runtime/runtime.c.o
 .text.hard_assertion_failure
                0x10001be8        0xc CMakeFiles/hello_freertos.dir/home/tyler/ece6785/pico-sdk/src/rp2_common/pico_runtime/runtime.c.o
                0x10001be8                hard_assertion_failure
 .text.runtime_run_initializers
                0x10001bf4       0x28 CMakeFiles/hello_freertos.dir/home/tyler/ece6785/pico-sdk/src/rp2_common/pico_runtime/runtime.c.o
                0x10001bf4                runtime_run_initializers
 .text.runtime_init_early_resets
                0x10001c1c       0x2c CMakeFiles/hello_freertos.dir/home/tyler/ece6785/pico-sdk/src/rp2_common/pico_runtime_init/runtime_init.c.o
                0x10001c1c                runtime_init_early_resets
 .text.runtime_init_usb_power_down
                0x10001c48       0x1c CMakeFiles/hello_freertos.dir/home/tyler/ece6785/pico-sdk/src/rp2_common/pico_runtime_init/runtime_init.c.o
                0x10001c48                runtime_init_usb_power_down
 .text.runtime_init_post_clock_resets
                0x10001c64       0x20 CMakeFiles/hello_freertos.dir/home/tyler/ece6785/pico-sdk/src/rp2_common/pico_runtime_init/runtime_init.c.o
                0x10001c64                runtime_init_post_clock_resets
 .text.runtime_init_rp2040_gpio_ie_disable
                0x10001c84       0x14 CMakeFiles/hello_freertos.dir/home/tyler/ece6785/pico-sdk/src/rp2_common/pico_runtime_init/runtime_init.c.o
                0x10001c84                runtime_init_rp2040_gpio_ie_disable
 .text.runtime_init_spin_locks_reset
                0x10001c98        0x8 CMakeFiles/hello_freertos.dir/home/tyler/ece6785/pico-sdk/src/rp2_common/pico_runtime_init/runtime_init.c.o
                0x10001c98                runtime_init_spin_locks_reset
 .text.runtime_init_install_ram_vector_table
                0x10001ca0       0xb4 CMakeFiles/hello_freertos.dir/home/tyler/ece6785/pico-sdk/src/rp2_common/pico_runtime_init/runtime_init.c.o
                0x10001ca0                runtime_init_install_ram_vector_table
 .text.runtime_init_clocks
                0x10001d54       0xd8 CMakeFiles/hello_freertos.dir/home/tyler/ece6785/pico-sdk/src/rp2_common/pico_runtime_init/runtime_init_clocks.c.o
                0x10001d54                runtime_init_clocks
 .text          0x10001e2c       0x10 CMakeFiles/hello_freertos.dir/home/tyler/ece6785/pico-sdk/src/rp2_common/pico_bit_ops/bit_ops_aeabi.S.o
 .text.ctzsi    0x10001e3c        0xc CMakeFiles/hello_freertos.dir/home/tyler/ece6785/pico-sdk/src/rp2_common/pico_bit_ops/bit_ops_aeabi.S.o
                0x10001e3c                __wrap___ctzsi2
 .text.__wrap___aeabi_idiv
                0x10001e48       0x50 CMakeFiles/hello_freertos.dir/home/tyler/ece6785/pico-sdk/src/rp2_common/pico_divider/divider_hardware.S.o
                0x10001e48                __wrap___aeabi_idivmod
                0x10001e48                divmod_s32s32
                0x10001e48                div_s32s32
                0x10001e48                __wrap___aeabi_idiv
                0x10001e50                divmod_s32s32_unsafe
                0x10001e7c                divmod_s32s32_savestate
 .text.__wrap___aeabi_uidiv
                0x10001e98       0x4c CMakeFiles/hello_freertos.dir/home/tyler/ece6785/pico-sdk/src/rp2_common/pico_divider/divider_hardware.S.o
                0x10001e98                __wrap___aeabi_uidiv
                0x10001e98                __wrap___aeabi_uidivmod
                0x10001e98                div_u32u32
                0x10001e98                divmod_u32u32
                0x10001ea0                divmod_u32u32_unsafe
                0x10001ec8                divmod_u32u32_savestate
 .text.__wrap___aeabi_ldiv
                0x10001ee4      0x424 CMakeFiles/hello_freertos.dir/home/tyler/ece6785/pico-sdk/src/rp2_common/pico_divider/divider_hardware.S.o
                0x10001ee4                div_s64s64
                0x10001ee4                divmod_s64s64
                0x10001ee4                __wrap___aeabi_ldivmod
                0x10001f14                div_u64u64
                0x10001f14                divmod_u64u64
                0x10001f14                __wrap___aeabi_uldivmod
                0x10001f24                divmod_u64u64_savestate
                0x10001f44                divmod_s64s64_unsafe
                0x10001fcc                divmod_u64u64_unsafe
 .text.__wrap___aeabi_darithmetic
                0x10002308       0x60 CMakeFiles/hello_freertos.dir/home/tyler/ece6785/pico-sdk/src/rp2_common/pico_double/double_aeabi_rp2040.S.o
                0x10002308                __wrap___aeabi_drsub
                0x1000230e                __wrap___aeabi_dsub
                0x10002318                __wrap___aeabi_dadd
                0x10002322                __wrap___aeabi_ddiv
                0x10002356                __wrap___aeabi_dmul
 .text.__wrap___aeabi_cdcmple
                0x10002368       0x6c CMakeFiles/hello_freertos.dir/home/tyler/ece6785/pico-sdk/src/rp2_common/pico_double/double_aeabi_rp2040.S.o
                0x10002368                __wrap___aeabi_cdrcmple
                0x10002378                __wrap___aeabi_cdcmple
                0x10002378                __wrap___aeabi_cdcmpeq
 .text.__wrap___aeabi_dcmplt
                0x100023d4        0xc CMakeFiles/hello_freertos.dir/home/tyler/ece6785/pico-sdk/src/rp2_common/pico_double/double_aeabi_rp2040.S.o
                0x100023d4                __wrap___aeabi_dcmplt
 .text.__wrap___aeabi_dcmpge
                0x100023e0       0x10 CMakeFiles/hello_freertos.dir/home/tyler/ece6785/pico-sdk/src/rp2_common/pico_double/double_aeabi_rp2040.S.o
                0x100023e0                __wrap___aeabi_dcmpge
 .text.__wrap___aeabi_dcmpgt
                0x100023f0        0xa CMakeFiles/hello_freertos.dir/home/tyler/ece6785/pico-sdk/src/rp2_common/pico_double/double_aeabi_rp2040.S.o
                0x100023f0                __wrap___aeabi_dcmpgt
 .text.__wrap___aeabi_dcmpun
                0x100023fa       0x18 CMakeFiles/hello_freertos.dir/home/tyler/ece6785/pico-sdk/src/rp2_common/pico_double/double_aeabi_rp2040.S.o
                0x100023fa                __wrap___aeabi_dcmpun
 *fill*         0x10002412        0x2 
 .text.__wrap___aeabi_i2d
                0x10002414       0x38 CMakeFiles/hello_freertos.dir/home/tyler/ece6785/pico-sdk/src/rp2_common/pico_double/double_aeabi_rp2040.S.o
                0x10002414                __wrap___aeabi_ui2d
                0x10002414                uint2double
                0x1000241c                __wrap___aeabi_i2d
                0x1000241c                int2double
 .text.__wrap___aeabi_d2iz
                0x1000244c       0x48 CMakeFiles/hello_freertos.dir/home/tyler/ece6785/pico-sdk/src/rp2_common/pico_double/double_aeabi_rp2040.S.o
                0x1000244c                __wrap___aeabi_d2iz
                0x1000244c                double2int_z
 .text.__wrap___aeabi_d2uiz
                0x10002494       0x10 CMakeFiles/hello_freertos.dir/home/tyler/ece6785/pico-sdk/src/rp2_common/pico_double/double_aeabi_rp2040.S.o
                0x10002494                double2uint_z
                0x10002494                double2uint
                0x10002494                __wrap___aeabi_d2uiz
 .text.missing_double_func_shim
                0x100024a4        0xc CMakeFiles/hello_freertos.dir/home/tyler/ece6785/pico-sdk/src/rp2_common/pico_double/double_init_rom_rp2040.c.o
 .text.__aeabi_double_init
                0x100024b0       0xa0 CMakeFiles/hello_freertos.dir/home/tyler/ece6785/pico-sdk/src/rp2_common/pico_double/double_init_rom_rp2040.c.o
                0x100024b0                __aeabi_double_init
 .text.double_table_shim_on_use_helper
                0x10002550       0x2c CMakeFiles/hello_freertos.dir/home/tyler/ece6785/pico-sdk/src/rp2_common/pico_double/double_v1_rom_shim_rp2040.S.o
                0x10002550                double_table_shim_on_use_helper
 .text.__aeabi_lmul
                0x1000257c       0x32 CMakeFiles/hello_freertos.dir/home/tyler/ece6785/pico-sdk/src/rp2_common/pico_int64_ops/pico_int64_ops_aeabi.S.o
                0x1000257c                __wrap___aeabi_lmul
 *fill*         0x100025ae        0x2 
 .text.missing_float_func_shim
                0x100025b0        0xc CMakeFiles/hello_freertos.dir/home/tyler/ece6785/pico-sdk/src/rp2_common/pico_float/float_init_rom_rp2040.c.o
 .text.__aeabi_float_init
                0x100025bc       0x5c CMakeFiles/hello_freertos.dir/home/tyler/ece6785/pico-sdk/src/rp2_common/pico_float/float_init_rom_rp2040.c.o
                0x100025bc                __aeabi_float_init
 .text.__wrap_malloc
                0x10002618       0x3c CMakeFiles/hello_freertos.dir/home/tyler/ece6785/pico-sdk/src/rp2_common/pico_malloc/malloc.c.o
                0x10002618                __wrap_malloc
 .text.__wrap_calloc
                0x10002654       0x44 CMakeFiles/hello_freertos.dir/home/tyler/ece6785/pico-sdk/src/rp2_common/pico_malloc/malloc.c.o
                0x10002654                __wrap_calloc
 .text.__wrap_free
                0x10002698       0x20 CMakeFiles/hello_freertos.dir/home/tyler/ece6785/pico-sdk/src/rp2_common/pico_malloc/malloc.c.o
                0x10002698                __wrap_free
 .text          0x100026b8       0x10 CMakeFiles/hello_freertos.dir/home/tyler/ece6785/pico-sdk/src/rp2_common/pico_mem_ops/mem_ops_aeabi.S.o
                0x100026b8                __aeabi_mem_init
 .text.memset   0x100026c8        0xc CMakeFiles/hello_freertos.dir/home/tyler/ece6785/pico-sdk/src/rp2_common/pico_mem_ops/mem_ops_aeabi.S.o
                0x100026c8                __wrap_memset
 .text.memcpy   0x100026d4        0xc CMakeFiles/hello_freertos.dir/home/tyler/ece6785/pico-sdk/src/rp2_common/pico_mem_ops/mem_ops_aeabi.S.o
                0x100026d4                __wrap___aeabi_memcpy
                0x100026d4                __wrap_memcpy
 .text._out_null
                0x100026e0        0x4 CMakeFiles/hello_freertos.dir/home/tyler/ece6785/pico-sdk/src/rp2_common/pico_printf/printf.c.o
 .text._out_rev
                0x100026e4       0xac CMakeFiles/hello_freertos.dir/home/tyler/ece6785/pico-sdk/src/rp2_common/pico_printf/printf.c.o
 .text._ntoa_format
                0x10002790      0x250 CMakeFiles/hello_freertos.dir/home/tyler/ece6785/pico-sdk/src/rp2_common/pico_printf/printf.c.o
 .text._out_char
                0x100029e0       0x10 CMakeFiles/hello_freertos.dir/home/tyler/ece6785/pico-sdk/src/rp2_common/pico_printf/printf.c.o
 .text._out_fct
                0x100029f0       0x10 CMakeFiles/hello_freertos.dir/home/tyler/ece6785/pico-sdk/src/rp2_common/pico_printf/printf.c.o
 .text._etoa    0x10002a00      0x464 CMakeFiles/hello_freertos.dir/home/tyler/ece6785/pico-sdk/src/rp2_common/pico_printf/printf.c.o
 .text._ftoa    0x10002e64      0x3c0 CMakeFiles/hello_freertos.dir/home/tyler/ece6785/pico-sdk/src/rp2_common/pico_printf/printf.c.o
 .text._vsnprintf
                0x10003224      0xbc8 CMakeFiles/hello_freertos.dir/home/tyler/ece6785/pico-sdk/src/rp2_common/pico_printf/printf.c.o
 .text.vfctprintf
                0x10003dec       0x20 CMakeFiles/hello_freertos.dir/home/tyler/ece6785/pico-sdk/src/rp2_common/pico_printf/printf.c.o
                0x10003dec                vfctprintf
 .text.weak_raw_vprintf
                0x10003e0c       0x30 CMakeFiles/hello_freertos.dir/home/tyler/ece6785/pico-sdk/src/rp2_common/pico_printf/printf.c.o
                0x10003e0c                weak_raw_vprintf
 .text._exit    0x10003e3c        0xc CMakeFiles/hello_freertos.dir/home/tyler/ece6785/pico-sdk/src/rp2_common/pico_clib_interface/newlib_interface.c.o
                0x10003e3c                _exit
 .text._sbrk    0x10003e48       0x34 CMakeFiles/hello_freertos.dir/home/tyler/ece6785/pico-sdk/src/rp2_common/pico_clib_interface/newlib_interface.c.o
                0x10003e48                _sbrk
 .text.exit     0x10003e7c        0x8 CMakeFiles/hello_freertos.dir/home/tyler/ece6785/pico-sdk/src/rp2_common/pico_clib_interface/newlib_interface.c.o
                0x10003e7c                exit
 .text.runtime_init
                0x10003e84       0x2c CMakeFiles/hello_freertos.dir/home/tyler/ece6785/pico-sdk/src/rp2_common/pico_clib_interface/newlib_interface.c.o
                0x10003e84                runtime_init
 .text.stdio_out_chars_no_crlf
                0x10003eb0       0x10 CMakeFiles/hello_freertos.dir/home/tyler/ece6785/pico-sdk/src/rp2_common/pico_stdio/stdio.c.o
 .text.stdio_out_chars_crlf
                0x10003ec0       0x94 CMakeFiles/hello_freertos.dir/home/tyler/ece6785/pico-sdk/src/rp2_common/pico_stdio/stdio.c.o
 .text.stdio_buffered_printer
                0x10003f54       0x64 CMakeFiles/hello_freertos.dir/home/tyler/ece6785/pico-sdk/src/rp2_common/pico_stdio/stdio.c.o
 .text.stdio_put_string
                0x10003fb8      0x100 CMakeFiles/hello_freertos.dir/home/tyler/ece6785/pico-sdk/src/rp2_common/pico_stdio/stdio.c.o
                0x10003fb8                stdio_put_string
 .text.stdio_set_driver_enabled
                0x100040b8       0x30 CMakeFiles/hello_freertos.dir/home/tyler/ece6785/pico-sdk/src/rp2_common/pico_stdio/stdio.c.o
                0x100040b8                stdio_set_driver_enabled
 .text.stdio_init_all
                0x100040e8        0x8 CMakeFiles/hello_freertos.dir/home/tyler/ece6785/pico-sdk/src/rp2_common/pico_stdio/stdio.c.o
                0x100040e8                stdio_init_all
 .text.__wrap_getchar
                0x100040f0       0x7c CMakeFiles/hello_freertos.dir/home/tyler/ece6785/pico-sdk/src/rp2_common/pico_stdio/stdio.c.o
                0x100040f0                __wrap_getchar
                0x100040f0                stdio_getchar
 .text.__wrap_putchar
                0x1000416c       0x98 CMakeFiles/hello_freertos.dir/home/tyler/ece6785/pico-sdk/src/rp2_common/pico_stdio/stdio.c.o
                0x1000416c                stdio_putchar
                0x1000416c                __wrap_putchar
 .text.__wrap_puts
                0x10004204       0x3c CMakeFiles/hello_freertos.dir/home/tyler/ece6785/pico-sdk/src/rp2_common/pico_stdio/stdio.c.o
                0x10004204                __wrap_puts
                0x10004204                stdio_puts
 .text.__wrap_vprintf
                0x10004240       0xd4 CMakeFiles/hello_freertos.dir/home/tyler/ece6785/pico-sdk/src/rp2_common/pico_stdio/stdio.c.o
                0x10004240                __wrap_vprintf
                0x10004240                stdio_vprintf
 .text.__wrap_printf
                0x10004314       0x18 CMakeFiles/hello_freertos.dir/home/tyler/ece6785/pico-sdk/src/rp2_common/pico_stdio/stdio.c.o
                0x10004314                stdio_printf
                0x10004314                __wrap_printf
 .text.resetd_init
                0x1000432c        0x4 CMakeFiles/hello_freertos.dir/home/tyler/ece6785/pico-sdk/src/rp2_common/pico_stdio_usb/reset_interface.c.o
 .text.resetd_reset
                0x10004330        0xc CMakeFiles/hello_freertos.dir/home/tyler/ece6785/pico-sdk/src/rp2_common/pico_stdio_usb/reset_interface.c.o
 .text.resetd_open
                0x1000433c       0x28 CMakeFiles/hello_freertos.dir/home/tyler/ece6785/pico-sdk/src/rp2_common/pico_stdio_usb/reset_interface.c.o
 .text.resetd_xfer_cb
                0x10004364        0x4 CMakeFiles/hello_freertos.dir/home/tyler/ece6785/pico-sdk/src/rp2_common/pico_stdio_usb/reset_interface.c.o
 .text.resetd_control_xfer_cb
                0x10004368       0x5c CMakeFiles/hello_freertos.dir/home/tyler/ece6785/pico-sdk/src/rp2_common/pico_stdio_usb/reset_interface.c.o
 .text.tud_descriptor_bos_cb
                0x100043c4        0x8 CMakeFiles/hello_freertos.dir/home/tyler/ece6785/pico-sdk/src/rp2_common/pico_stdio_usb/reset_interface.c.o
                0x100043c4                tud_descriptor_bos_cb
 .text.tud_vendor_control_xfer_cb
                0x100043cc       0x34 CMakeFiles/hello_freertos.dir/home/tyler/ece6785/pico-sdk/src/rp2_common/pico_stdio_usb/reset_interface.c.o
                0x100043cc                tud_vendor_control_xfer_cb
 .text.usbd_app_driver_get_cb
                0x10004400        0xc CMakeFiles/hello_freertos.dir/home/tyler/ece6785/pico-sdk/src/rp2_common/pico_stdio_usb/reset_interface.c.o
                0x10004400                usbd_app_driver_get_cb
 .text.tud_cdc_line_coding_cb
                0x1000440c       0x2c CMakeFiles/hello_freertos.dir/home/tyler/ece6785/pico-sdk/src/rp2_common/pico_stdio_usb/reset_interface.c.o
                0x1000440c                tud_cdc_line_coding_cb
 .text.stdio_usb_set_chars_available_callback
                0x10004438       0x14 CMakeFiles/hello_freertos.dir/home/tyler/ece6785/pico-sdk/src/rp2_common/pico_stdio_usb/stdio_usb.c.o
                0x10004438                stdio_usb_set_chars_available_callback
 .text.usb_irq  0x1000444c       0x10 CMakeFiles/hello_freertos.dir/home/tyler/ece6785/pico-sdk/src/rp2_common/pico_stdio_usb/stdio_usb.c.o
 .text.timer_task
                0x1000445c       0x64 CMakeFiles/hello_freertos.dir/home/tyler/ece6785/pico-sdk/src/rp2_common/pico_stdio_usb/stdio_usb.c.o
 .text.stdio_usb_in_chars
                0x100044c0       0x90 CMakeFiles/hello_freertos.dir/home/tyler/ece6785/pico-sdk/src/rp2_common/pico_stdio_usb/stdio_usb.c.o
                0x100044c0                stdio_usb_in_chars
 .text.stdio_usb_out_flush
                0x10004550       0x50 CMakeFiles/hello_freertos.dir/home/tyler/ece6785/pico-sdk/src/rp2_common/pico_stdio_usb/stdio_usb.c.o
 .text.stdio_usb_out_chars
                0x100045a0      0x104 CMakeFiles/hello_freertos.dir/home/tyler/ece6785/pico-sdk/src/rp2_common/pico_stdio_usb/stdio_usb.c.o
 .text.low_priority_worker_irq
                0x100046a4       0xcc CMakeFiles/hello_freertos.dir/home/tyler/ece6785/pico-sdk/src/rp2_common/pico_stdio_usb/stdio_usb.c.o
 .text.stdio_usb_init
                0x10004770       0xec CMakeFiles/hello_freertos.dir/home/tyler/ece6785/pico-sdk/src/rp2_common/pico_stdio_usb/stdio_usb.c.o
                0x10004770                stdio_usb_init
 .text.tud_descriptor_device_cb
                0x1000485c        0x8 CMakeFiles/hello_freertos.dir/home/tyler/ece6785/pico-sdk/src/rp2_common/pico_stdio_usb/stdio_usb_descriptors.c.o
                0x1000485c                tud_descriptor_device_cb
 .text.tud_descriptor_configuration_cb
                0x10004864        0x8 CMakeFiles/hello_freertos.dir/home/tyler/ece6785/pico-sdk/src/rp2_common/pico_stdio_usb/stdio_usb_descriptors.c.o
                0x10004864                tud_descriptor_configuration_cb
 .text.tud_descriptor_string_cb
                0x1000486c       0x78 CMakeFiles/hello_freertos.dir/home/tyler/ece6785/pico-sdk/src/rp2_common/pico_stdio_usb/stdio_usb_descriptors.c.o
                0x1000486c                tud_descriptor_string_cb
 .text.startup._retrieve_unique_id_on_boot
                0x100048e4       0x10 CMakeFiles/hello_freertos.dir/home/tyler/ece6785/pico-sdk/src/rp2_common/pico_unique_id/unique_id.c.o
 .text.pico_get_unique_board_id
                0x100048f4       0x10 CMakeFiles/hello_freertos.dir/home/tyler/ece6785/pico-sdk/src/rp2_common/pico_unique_id/unique_id.c.o
                0x100048f4                pico_get_unique_board_id
 .text.pico_get_unique_board_id_string
                0x10004904      0x1a8 CMakeFiles/hello_freertos.dir/home/tyler/ece6785/pico-sdk/src/rp2_common/pico_unique_id/unique_id.c.o
                0x10004904                pico_get_unique_board_id_string
 .text.flash_get_unique_id
                0x10004aac       0x3c CMakeFiles/hello_freertos.dir/home/tyler/ece6785/pico-sdk/src/rp2_common/hardware_flash/flash.c.o
                0x10004aac                flash_get_unique_id
 .text.dcd_init
                0x10004ae8       0x90 CMakeFiles/hello_freertos.dir/home/tyler/ece6785/pico-sdk/lib/tinyusb/src/portable/raspberrypi/rp2040/dcd_rp2040.c.o
                0x10004ae8                dcd_init
 .text.dcd_int_enable
                0x10004b78        0xc CMakeFiles/hello_freertos.dir/home/tyler/ece6785/pico-sdk/lib/tinyusb/src/portable/raspberrypi/rp2040/dcd_rp2040.c.o
                0x10004b78                dcd_int_enable
 .text.dcd_set_address
                0x10004b84       0x14 CMakeFiles/hello_freertos.dir/home/tyler/ece6785/pico-sdk/lib/tinyusb/src/portable/raspberrypi/rp2040/dcd_rp2040.c.o
                0x10004b84                dcd_set_address
 .text.dcd_sof_enable
                0x10004b98       0x1c CMakeFiles/hello_freertos.dir/home/tyler/ece6785/pico-sdk/lib/tinyusb/src/portable/raspberrypi/rp2040/dcd_rp2040.c.o
                0x10004b98                dcd_sof_enable
 .text.dcd_edpt0_status_complete
                0x10004bb4       0x1c CMakeFiles/hello_freertos.dir/home/tyler/ece6785/pico-sdk/lib/tinyusb/src/portable/raspberrypi/rp2040/dcd_rp2040.c.o
                0x10004bb4                dcd_edpt0_status_complete
 .text.dcd_edpt_open
                0x10004bd0      0x114 CMakeFiles/hello_freertos.dir/home/tyler/ece6785/pico-sdk/lib/tinyusb/src/portable/raspberrypi/rp2040/dcd_rp2040.c.o
                0x10004bd0                dcd_edpt_open
 .text.dcd_edpt_close_all
                0x10004ce4        0x8 CMakeFiles/hello_freertos.dir/home/tyler/ece6785/pico-sdk/lib/tinyusb/src/portable/raspberrypi/rp2040/dcd_rp2040.c.o
                0x10004ce4                dcd_edpt_close_all
 .text.dcd_edpt_xfer
                0x10004cec       0x24 CMakeFiles/hello_freertos.dir/home/tyler/ece6785/pico-sdk/lib/tinyusb/src/portable/raspberrypi/rp2040/dcd_rp2040.c.o
                0x10004cec                dcd_edpt_xfer
 .text.dcd_edpt_stall
                0x10004d10       0x34 CMakeFiles/hello_freertos.dir/home/tyler/ece6785/pico-sdk/lib/tinyusb/src/portable/raspberrypi/rp2040/dcd_rp2040.c.o
                0x10004d10                dcd_edpt_stall
 .text.dcd_edpt_clear_stall
                0x10004d44       0x30 CMakeFiles/hello_freertos.dir/home/tyler/ece6785/pico-sdk/lib/tinyusb/src/portable/raspberrypi/rp2040/dcd_rp2040.c.o
                0x10004d44                dcd_edpt_clear_stall
 .text.rp2040_usb_init
                0x10004d74       0x40 CMakeFiles/hello_freertos.dir/home/tyler/ece6785/pico-sdk/lib/tinyusb/src/portable/raspberrypi/rp2040/rp2040_usb.c.o
                0x10004d74                rp2040_usb_init
 .text.hw_endpoint_xfer_start
                0x10004db4       0x40 CMakeFiles/hello_freertos.dir/home/tyler/ece6785/pico-sdk/lib/tinyusb/src/portable/raspberrypi/rp2040/rp2040_usb.c.o
                0x10004db4                hw_endpoint_xfer_start
 .text.tud_event_hook_cb
                0x10004df4        0x4 CMakeFiles/hello_freertos.dir/home/tyler/ece6785/pico-sdk/lib/tinyusb/src/device/usbd.c.o
                0x10004df4                tud_event_hook_cb
 .text.tud_sof_cb
                0x10004df8        0x4 CMakeFiles/hello_freertos.dir/home/tyler/ece6785/pico-sdk/lib/tinyusb/src/device/usbd.c.o
                0x10004df8                tud_sof_cb
 .text.tud_descriptor_device_qualifier_cb
                0x10004dfc        0x4 CMakeFiles/hello_freertos.dir/home/tyler/ece6785/pico-sdk/lib/tinyusb/src/device/usbd.c.o
                0x10004dfc                tud_descriptor_device_qualifier_cb
 .text.tud_descriptor_other_speed_configuration_cb
                0x10004e00        0x4 CMakeFiles/hello_freertos.dir/home/tyler/ece6785/pico-sdk/lib/tinyusb/src/device/usbd.c.o
                0x10004e00                tud_descriptor_other_speed_configuration_cb
 .text.tud_mount_cb
                0x10004e04        0x4 CMakeFiles/hello_freertos.dir/home/tyler/ece6785/pico-sdk/lib/tinyusb/src/device/usbd.c.o
                0x10004e04                tud_mount_cb
 .text.tud_umount_cb
                0x10004e08        0x4 CMakeFiles/hello_freertos.dir/home/tyler/ece6785/pico-sdk/lib/tinyusb/src/device/usbd.c.o
                0x10004e08                tud_umount_cb
 .text.tud_suspend_cb
                0x10004e0c        0x4 CMakeFiles/hello_freertos.dir/home/tyler/ece6785/pico-sdk/lib/tinyusb/src/device/usbd.c.o
                0x10004e0c                tud_suspend_cb
 .text.tud_resume_cb
                0x10004e10        0x4 CMakeFiles/hello_freertos.dir/home/tyler/ece6785/pico-sdk/lib/tinyusb/src/device/usbd.c.o
                0x10004e10                tud_resume_cb
 .text.tud_mounted
                0x10004e14       0x10 CMakeFiles/hello_freertos.dir/home/tyler/ece6785/pico-sdk/lib/tinyusb/src/device/usbd.c.o
                0x10004e14                tud_mounted
 .text.tud_suspended
                0x10004e24       0x10 CMakeFiles/hello_freertos.dir/home/tyler/ece6785/pico-sdk/lib/tinyusb/src/device/usbd.c.o
                0x10004e24                tud_suspended
 .text.tud_rhport_init
                0x10004e34       0xfc CMakeFiles/hello_freertos.dir/home/tyler/ece6785/pico-sdk/lib/tinyusb/src/device/usbd.c.o
                0x10004e34                tud_rhport_init
 .text.tud_task_ext
                0x10004f30      0x800 CMakeFiles/hello_freertos.dir/home/tyler/ece6785/pico-sdk/lib/tinyusb/src/device/usbd.c.o
                0x10004f30                tud_task_ext
 .text.usbd_open_edpt_pair
                0x10005730       0x9c CMakeFiles/hello_freertos.dir/home/tyler/ece6785/pico-sdk/lib/tinyusb/src/device/usbd.c.o
                0x10005730                usbd_open_edpt_pair
 .text.usbd_edpt_open
                0x100057cc       0x34 CMakeFiles/hello_freertos.dir/home/tyler/ece6785/pico-sdk/lib/tinyusb/src/device/usbd.c.o
                0x100057cc                usbd_edpt_open
 .text.usbd_edpt_claim
                0x10005800       0x28 CMakeFiles/hello_freertos.dir/home/tyler/ece6785/pico-sdk/lib/tinyusb/src/device/usbd.c.o
                0x10005800                usbd_edpt_claim
 .text.usbd_edpt_release
                0x10005828       0x28 CMakeFiles/hello_freertos.dir/home/tyler/ece6785/pico-sdk/lib/tinyusb/src/device/usbd.c.o
                0x10005828                usbd_edpt_release
 .text.usbd_edpt_xfer
                0x10005850       0x4c CMakeFiles/hello_freertos.dir/home/tyler/ece6785/pico-sdk/lib/tinyusb/src/device/usbd.c.o
                0x10005850                usbd_edpt_xfer
 .text.tud_control_status
                0x1000589c       0x2c CMakeFiles/hello_freertos.dir/home/tyler/ece6785/pico-sdk/lib/tinyusb/src/device/usbd_control.c.o
                0x1000589c                tud_control_status
 .text.tud_control_xfer
                0x100058c8       0xac CMakeFiles/hello_freertos.dir/home/tyler/ece6785/pico-sdk/lib/tinyusb/src/device/usbd_control.c.o
                0x100058c8                tud_control_xfer
 .text.usbd_control_reset
                0x10005974       0x14 CMakeFiles/hello_freertos.dir/home/tyler/ece6785/pico-sdk/lib/tinyusb/src/device/usbd_control.c.o
                0x10005974                usbd_control_reset
 .text.usbd_control_set_complete_callback
                0x10005988        0xc CMakeFiles/hello_freertos.dir/home/tyler/ece6785/pico-sdk/lib/tinyusb/src/device/usbd_control.c.o
                0x10005988                usbd_control_set_complete_callback
 .text.usbd_control_set_request
                0x10005994       0x1c CMakeFiles/hello_freertos.dir/home/tyler/ece6785/pico-sdk/lib/tinyusb/src/device/usbd_control.c.o
                0x10005994                usbd_control_set_request
 .text.usbd_control_xfer_cb
                0x100059b0       0xec CMakeFiles/hello_freertos.dir/home/tyler/ece6785/pico-sdk/lib/tinyusb/src/device/usbd_control.c.o
                0x100059b0                usbd_control_xfer_cb
 .text._prep_out_transaction.isra.0
                0x10005a9c       0x6c CMakeFiles/hello_freertos.dir/home/tyler/ece6785/pico-sdk/lib/tinyusb/src/class/cdc/cdc_device.c.o
 .text.tud_cdc_n_connected
                0x10005b08       0x2c CMakeFiles/hello_freertos.dir/home/tyler/ece6785/pico-sdk/lib/tinyusb/src/class/cdc/cdc_device.c.o
                0x10005b08                tud_cdc_n_connected
 .text.tud_cdc_n_available
                0x10005b34       0x14 CMakeFiles/hello_freertos.dir/home/tyler/ece6785/pico-sdk/lib/tinyusb/src/class/cdc/cdc_device.c.o
                0x10005b34                tud_cdc_n_available
 .text.tud_cdc_n_read
                0x10005b48       0x94 CMakeFiles/hello_freertos.dir/home/tyler/ece6785/pico-sdk/lib/tinyusb/src/class/cdc/cdc_device.c.o
                0x10005b48                tud_cdc_n_read
 .text.tud_cdc_n_write_flush
                0x10005bdc       0x74 CMakeFiles/hello_freertos.dir/home/tyler/ece6785/pico-sdk/lib/tinyusb/src/class/cdc/cdc_device.c.o
                0x10005bdc                tud_cdc_n_write_flush
 .text.tud_cdc_n_write
                0x10005c50       0x40 CMakeFiles/hello_freertos.dir/home/tyler/ece6785/pico-sdk/lib/tinyusb/src/class/cdc/cdc_device.c.o
                0x10005c50                tud_cdc_n_write
 .text.tud_cdc_n_write_available
                0x10005c90       0x14 CMakeFiles/hello_freertos.dir/home/tyler/ece6785/pico-sdk/lib/tinyusb/src/class/cdc/cdc_device.c.o
                0x10005c90                tud_cdc_n_write_available
 .text.cdcd_init
                0x10005ca4       0x70 CMakeFiles/hello_freertos.dir/home/tyler/ece6785/pico-sdk/lib/tinyusb/src/class/cdc/cdc_device.c.o
                0x10005ca4                cdcd_init
 .text.cdcd_deinit
                0x10005d14       0x34 CMakeFiles/hello_freertos.dir/home/tyler/ece6785/pico-sdk/lib/tinyusb/src/class/cdc/cdc_device.c.o
                0x10005d14                cdcd_deinit
 .text.cdcd_reset
                0x10005d48       0x4c CMakeFiles/hello_freertos.dir/home/tyler/ece6785/pico-sdk/lib/tinyusb/src/class/cdc/cdc_device.c.o
                0x10005d48                cdcd_reset
 .text.cdcd_open
                0x10005d94       0xa8 CMakeFiles/hello_freertos.dir/home/tyler/ece6785/pico-sdk/lib/tinyusb/src/class/cdc/cdc_device.c.o
                0x10005d94                cdcd_open
 .text.cdcd_control_xfer_cb
                0x10005e3c       0xe8 CMakeFiles/hello_freertos.dir/home/tyler/ece6785/pico-sdk/lib/tinyusb/src/class/cdc/cdc_device.c.o
                0x10005e3c                cdcd_control_xfer_cb
 .text.cdcd_xfer_cb
                0x10005f24      0x100 CMakeFiles/hello_freertos.dir/home/tyler/ece6785/pico-sdk/lib/tinyusb/src/class/cdc/cdc_device.c.o
                0x10005f24                cdcd_xfer_cb
 .text.vendord_init
                0x10006024       0x5c CMakeFiles/hello_freertos.dir/home/tyler/ece6785/pico-sdk/lib/tinyusb/src/class/vendor/vendor_device.c.o
                0x10006024                vendord_init
 .text.vendord_deinit
                0x10006080       0x1c CMakeFiles/hello_freertos.dir/home/tyler/ece6785/pico-sdk/lib/tinyusb/src/class/vendor/vendor_device.c.o
                0x10006080                vendord_deinit
 .text.vendord_reset
                0x1000609c       0x28 CMakeFiles/hello_freertos.dir/home/tyler/ece6785/pico-sdk/lib/tinyusb/src/class/vendor/vendor_device.c.o
                0x1000609c                vendord_reset
 .text.vendord_open
                0x100060c4      0x128 CMakeFiles/hello_freertos.dir/home/tyler/ece6785/pico-sdk/lib/tinyusb/src/class/vendor/vendor_device.c.o
                0x100060c4                vendord_open
 .text.vendord_xfer_cb
                0x100061ec       0x9c CMakeFiles/hello_freertos.dir/home/tyler/ece6785/pico-sdk/lib/tinyusb/src/class/vendor/vendor_device.c.o
                0x100061ec                vendord_xfer_cb
 .text.tusb_rhport_init
                0x10006288       0x48 CMakeFiles/hello_freertos.dir/home/tyler/ece6785/pico-sdk/lib/tinyusb/src/tusb.c.o
                0x10006288                tusb_rhport_init
 .text.tu_edpt_claim
                0x100062d0       0x50 CMakeFiles/hello_freertos.dir/home/tyler/ece6785/pico-sdk/lib/tinyusb/src/tusb.c.o
                0x100062d0                tu_edpt_claim
 .text.tu_edpt_release
                0x10006320       0x38 CMakeFiles/hello_freertos.dir/home/tyler/ece6785/pico-sdk/lib/tinyusb/src/tusb.c.o
                0x10006320                tu_edpt_release
 .text.tu_edpt_validate
                0x10006358       0x7c CMakeFiles/hello_freertos.dir/home/tyler/ece6785/pico-sdk/lib/tinyusb/src/tusb.c.o
                0x10006358                tu_edpt_validate
 .text.tu_edpt_bind_driver
                0x100063d4       0x34 CMakeFiles/hello_freertos.dir/home/tyler/ece6785/pico-sdk/lib/tinyusb/src/tusb.c.o
                0x100063d4                tu_edpt_bind_driver
 .text.tu_edpt_stream_init
                0x10006408       0x6c CMakeFiles/hello_freertos.dir/home/tyler/ece6785/pico-sdk/lib/tinyusb/src/tusb.c.o
                0x10006408                tu_edpt_stream_init
 .text.tu_edpt_stream_deinit
                0x10006474        0x4 CMakeFiles/hello_freertos.dir/home/tyler/ece6785/pico-sdk/lib/tinyusb/src/tusb.c.o
                0x10006474                tu_edpt_stream_deinit
 .text.tu_edpt_stream_write_zlp_if_needed
                0x10006478       0x68 CMakeFiles/hello_freertos.dir/home/tyler/ece6785/pico-sdk/lib/tinyusb/src/tusb.c.o
                0x10006478                tu_edpt_stream_write_zlp_if_needed
 .text.tu_edpt_stream_write_xfer
                0x100064e0       0x64 CMakeFiles/hello_freertos.dir/home/tyler/ece6785/pico-sdk/lib/tinyusb/src/tusb.c.o
                0x100064e0                tu_edpt_stream_write_xfer
 .text.tu_edpt_stream_read_xfer
                0x10006544       0xdc CMakeFiles/hello_freertos.dir/home/tyler/ece6785/pico-sdk/lib/tinyusb/src/tusb.c.o
                0x10006544                tu_edpt_stream_read_xfer
 .text.tu_fifo_config
                0x10006620       0x6c CMakeFiles/hello_freertos.dir/home/tyler/ece6785/pico-sdk/lib/tinyusb/src/common/tusb_fifo.c.o
                0x10006620                tu_fifo_config
 .text.tu_fifo_count
                0x1000668c       0x2c CMakeFiles/hello_freertos.dir/home/tyler/ece6785/pico-sdk/lib/tinyusb/src/common/tusb_fifo.c.o
                0x1000668c                tu_fifo_count
 .text.tu_fifo_empty
                0x100066b8       0x10 CMakeFiles/hello_freertos.dir/home/tyler/ece6785/pico-sdk/lib/tinyusb/src/common/tusb_fifo.c.o
                0x100066b8                tu_fifo_empty
 .text.tu_fifo_remaining
                0x100066c8       0x2c CMakeFiles/hello_freertos.dir/home/tyler/ece6785/pico-sdk/lib/tinyusb/src/common/tusb_fifo.c.o
                0x100066c8                tu_fifo_remaining
 .text.tu_fifo_read
                0x100066f4       0x9c CMakeFiles/hello_freertos.dir/home/tyler/ece6785/pico-sdk/lib/tinyusb/src/common/tusb_fifo.c.o
                0x100066f4                tu_fifo_read
 .text.tu_fifo_read_n
                0x10006790       0xe8 CMakeFiles/hello_freertos.dir/home/tyler/ece6785/pico-sdk/lib/tinyusb/src/common/tusb_fifo.c.o
                0x10006790                tu_fifo_read_n
 .text.tu_fifo_write
                0x10006878       0xa8 CMakeFiles/hello_freertos.dir/home/tyler/ece6785/pico-sdk/lib/tinyusb/src/common/tusb_fifo.c.o
                0x10006878                tu_fifo_write
 .text.tu_fifo_write_n
                0x10006920      0x178 CMakeFiles/hello_freertos.dir/home/tyler/ece6785/pico-sdk/lib/tinyusb/src/common/tusb_fifo.c.o
                0x10006920                tu_fifo_write_n
 .text.tu_fifo_clear
                0x10006a98       0x40 CMakeFiles/hello_freertos.dir/home/tyler/ece6785/pico-sdk/lib/tinyusb/src/common/tusb_fifo.c.o
                0x10006a98                tu_fifo_clear
 .text.tu_fifo_set_overwritable
                0x10006ad8       0x48 CMakeFiles/hello_freertos.dir/home/tyler/ece6785/pico-sdk/lib/tinyusb/src/common/tusb_fifo.c.o
                0x10006ad8                tu_fifo_set_overwritable
 .text.async_context_base_add_at_time_worker
                0x10006b20       0x24 CMakeFiles/hello_freertos.dir/home/tyler/ece6785/pico-sdk/src/rp2_common/pico_async_context/async_context_base.c.o
                0x10006b20                async_context_base_add_at_time_worker
 .text.async_context_base_remove_at_time_worker
                0x10006b44       0x28 CMakeFiles/hello_freertos.dir/home/tyler/ece6785/pico-sdk/src/rp2_common/pico_async_context/async_context_base.c.o
                0x10006b44                async_context_base_remove_at_time_worker
 .text.async_context_base_add_when_pending_worker
                0x10006b6c       0x24 CMakeFiles/hello_freertos.dir/home/tyler/ece6785/pico-sdk/src/rp2_common/pico_async_context/async_context_base.c.o
                0x10006b6c                async_context_base_add_when_pending_worker
 .text.async_context_base_remove_when_pending_worker
                0x10006b90       0x28 CMakeFiles/hello_freertos.dir/home/tyler/ece6785/pico-sdk/src/rp2_common/pico_async_context/async_context_base.c.o
                0x10006b90                async_context_base_remove_when_pending_worker
 .text.async_context_base_execute_once
                0x10006bb8      0x108 CMakeFiles/hello_freertos.dir/home/tyler/ece6785/pico-sdk/src/rp2_common/pico_async_context/async_context_base.c.o
                0x10006bb8                async_context_base_execute_once
 .text.async_context_base_needs_servicing
                0x10006cc0       0x54 CMakeFiles/hello_freertos.dir/home/tyler/ece6785/pico-sdk/src/rp2_common/pico_async_context/async_context_base.c.o
                0x10006cc0                async_context_base_needs_servicing
 .text.pvPortMalloc
                0x10006d14      0x124 CMakeFiles/hello_freertos.dir/home/tyler/ece6785/FreeRTOS-Kernel/portable/MemMang/heap_4.c.o
                0x10006d14                pvPortMalloc
 .text.vPortFree
                0x10006e38       0x98 CMakeFiles/hello_freertos.dir/home/tyler/ece6785/FreeRTOS-Kernel/portable/MemMang/heap_4.c.o
                0x10006e38                vPortFree
 .text.vPortStartFirstTask
                0x10006ed0       0x34 CMakeFiles/hello_freertos.dir/home/tyler/ece6785/FreeRTOS-Kernel/portable/ThirdParty/GCC/RP2040/port.c.o
 *fill*         0x10006f04        0xc 
 .text.xPortPendSVHandler
                0x10006f10       0x64 CMakeFiles/hello_freertos.dir/home/tyler/ece6785/FreeRTOS-Kernel/portable/ThirdParty/GCC/RP2040/port.c.o
                0x10006f10                xPortPendSVHandler
 .text.prvTaskExitError
                0x10006f74        0x8 CMakeFiles/hello_freertos.dir/home/tyler/ece6785/FreeRTOS-Kernel/portable/ThirdParty/GCC/RP2040/port.c.o
 .text.prvFIFOInterruptHandler
                0x10006f7c       0x78 CMakeFiles/hello_freertos.dir/home/tyler/ece6785/FreeRTOS-Kernel/portable/ThirdParty/GCC/RP2040/port.c.o
 .text.vPortSVCHandler
                0x10006ff4        0x4 CMakeFiles/hello_freertos.dir/home/tyler/ece6785/FreeRTOS-Kernel/portable/ThirdParty/GCC/RP2040/port.c.o
                0x10006ff4                vPortSVCHandler
 .text.pxPortInitialiseStack
                0x10006ff8       0x20 CMakeFiles/hello_freertos.dir/home/tyler/ece6785/FreeRTOS-Kernel/portable/ThirdParty/GCC/RP2040/port.c.o
                0x10006ff8                pxPortInitialiseStack
 .text.vPortYield
                0x10007018       0x18 CMakeFiles/hello_freertos.dir/home/tyler/ece6785/FreeRTOS-Kernel/portable/ThirdParty/GCC/RP2040/port.c.o
                0x10007018                vPortYield
 .text.vPortEnterCritical
                0x10007030       0x18 CMakeFiles/hello_freertos.dir/home/tyler/ece6785/FreeRTOS-Kernel/portable/ThirdParty/GCC/RP2040/port.c.o
                0x10007030                vPortEnterCritical
 .text.vPortExitCritical
                0x10007048       0x14 CMakeFiles/hello_freertos.dir/home/tyler/ece6785/FreeRTOS-Kernel/portable/ThirdParty/GCC/RP2040/port.c.o
                0x10007048                vPortExitCritical
 .text.ulSetInterruptMaskFromISR
                0x1000705c        0x8 CMakeFiles/hello_freertos.dir/home/tyler/ece6785/FreeRTOS-Kernel/portable/ThirdParty/GCC/RP2040/port.c.o
                0x1000705c                ulSetInterruptMaskFromISR
 .text.vClearInterruptMaskFromISR
                0x10007064        0x8 CMakeFiles/hello_freertos.dir/home/tyler/ece6785/FreeRTOS-Kernel/portable/ThirdParty/GCC/RP2040/port.c.o
                0x10007064                vClearInterruptMaskFromISR
 .text.xPortSysTickHandler
                0x1000706c       0x24 CMakeFiles/hello_freertos.dir/home/tyler/ece6785/FreeRTOS-Kernel/portable/ThirdParty/GCC/RP2040/port.c.o
                0x1000706c                xPortSysTickHandler
 .text.vPortSetupTimerInterrupt
                0x10007090       0x34 CMakeFiles/hello_freertos.dir/home/tyler/ece6785/FreeRTOS-Kernel/portable/ThirdParty/GCC/RP2040/port.c.o
                0x10007090                vPortSetupTimerInterrupt
 .text.xPortStartScheduler
                0x100070c4       0x9c CMakeFiles/hello_freertos.dir/home/tyler/ece6785/FreeRTOS-Kernel/portable/ThirdParty/GCC/RP2040/port.c.o
                0x100070c4                xPortStartScheduler
 .text.ulPortLockGetCurrentOwnerId
                0x10007160       0x2c CMakeFiles/hello_freertos.dir/home/tyler/ece6785/FreeRTOS-Kernel/portable/ThirdParty/GCC/RP2040/port.c.o
                0x10007160                ulPortLockGetCurrentOwnerId
 .text.vPortLockInternalSpinUnlockWithWait
                0x1000718c       0x68 CMakeFiles/hello_freertos.dir/home/tyler/ece6785/FreeRTOS-Kernel/portable/ThirdParty/GCC/RP2040/port.c.o
                0x1000718c                vPortLockInternalSpinUnlockWithWait
 .text.vPortLockInternalSpinUnlockWithNotify
                0x100071f4       0xcc CMakeFiles/hello_freertos.dir/home/tyler/ece6785/FreeRTOS-Kernel/portable/ThirdParty/GCC/RP2040/port.c.o
                0x100071f4                vPortLockInternalSpinUnlockWithNotify
 .text.xPortLockInternalSpinUnlockWithBestEffortWaitOrTimeout
                0x100072c0       0xfc CMakeFiles/hello_freertos.dir/home/tyler/ece6785/FreeRTOS-Kernel/portable/ThirdParty/GCC/RP2040/port.c.o
                0x100072c0                xPortLockInternalSpinUnlockWithBestEffortWaitOrTimeout
 .text.startup.prvRuntimeInitializer
                0x100073bc       0x28 CMakeFiles/hello_freertos.dir/home/tyler/ece6785/FreeRTOS-Kernel/portable/ThirdParty/GCC/RP2040/port.c.o
 .text.vEventGroupSetBitsCallback
                0x100073e4       0x90 CMakeFiles/hello_freertos.dir/home/tyler/ece6785/FreeRTOS-Kernel/event_groups.c.o
                0x100073e4                vEventGroupSetBitsCallback
 .text.xEventGroupCreate
                0x10007474       0x18 CMakeFiles/hello_freertos.dir/home/tyler/ece6785/FreeRTOS-Kernel/event_groups.c.o
                0x10007474                xEventGroupCreate
 .text.xEventGroupWaitBits
                0x1000748c       0xb8 CMakeFiles/hello_freertos.dir/home/tyler/ece6785/FreeRTOS-Kernel/event_groups.c.o
                0x1000748c                xEventGroupWaitBits
 .text.xEventGroupSetBits
                0x10007544       0x9c CMakeFiles/hello_freertos.dir/home/tyler/ece6785/FreeRTOS-Kernel/event_groups.c.o
                0x10007544                xEventGroupSetBits
 .text.xEventGroupSetBitsFromISR
                0x100075e0       0x18 CMakeFiles/hello_freertos.dir/home/tyler/ece6785/FreeRTOS-Kernel/event_groups.c.o
                0x100075e0                xEventGroupSetBitsFromISR
 .text.vListInitialise
                0x100075f8       0x18 CMakeFiles/hello_freertos.dir/home/tyler/ece6785/FreeRTOS-Kernel/list.c.o
                0x100075f8                vListInitialise
 .text.vListInitialiseItem
                0x10007610        0x8 CMakeFiles/hello_freertos.dir/home/tyler/ece6785/FreeRTOS-Kernel/list.c.o
                0x10007610                vListInitialiseItem
 .text.vListInsert
                0x10007618       0x30 CMakeFiles/hello_freertos.dir/home/tyler/ece6785/FreeRTOS-Kernel/list.c.o
                0x10007618                vListInsert
 .text.uxListRemove
                0x10007648       0x20 CMakeFiles/hello_freertos.dir/home/tyler/ece6785/FreeRTOS-Kernel/list.c.o
                0x10007648                uxListRemove
 .text.prvUnlockQueue
                0x10007668      0x180 CMakeFiles/hello_freertos.dir/home/tyler/ece6785/FreeRTOS-Kernel/queue.c.o
 .text.prvNotifyQueueSetContainer
                0x100077e8       0x90 CMakeFiles/hello_freertos.dir/home/tyler/ece6785/FreeRTOS-Kernel/queue.c.o
 .text.xQueueGenericCreate
                0x10007878       0xa4 CMakeFiles/hello_freertos.dir/home/tyler/ece6785/FreeRTOS-Kernel/queue.c.o
                0x10007878                xQueueGenericCreate
 .text.xQueueGenericSendFromISR
                0x1000791c      0x134 CMakeFiles/hello_freertos.dir/home/tyler/ece6785/FreeRTOS-Kernel/queue.c.o
                0x1000791c                xQueueGenericSendFromISR
 .text.xQueueReceive
                0x10007a50      0x11c CMakeFiles/hello_freertos.dir/home/tyler/ece6785/FreeRTOS-Kernel/queue.c.o
                0x10007a50                xQueueReceive
 .text.vQueueAddToRegistry
                0x10007b6c      0x118 CMakeFiles/hello_freertos.dir/home/tyler/ece6785/FreeRTOS-Kernel/queue.c.o
                0x10007b6c                vQueueAddToRegistry
 .text.vQueueWaitForMessageRestricted
                0x10007c84       0x48 CMakeFiles/hello_freertos.dir/home/tyler/ece6785/FreeRTOS-Kernel/queue.c.o
                0x10007c84                vQueueWaitForMessageRestricted
 .text.prvAddNewTaskToReadyList
                0x10007ccc      0x124 CMakeFiles/hello_freertos.dir/home/tyler/ece6785/FreeRTOS-Kernel/tasks.c.o
 .text.prvCreateTask
                0x10007df0      0x130 CMakeFiles/hello_freertos.dir/home/tyler/ece6785/FreeRTOS-Kernel/tasks.c.o
 .text.prvIdleTask
                0x10007f20       0x60 CMakeFiles/hello_freertos.dir/home/tyler/ece6785/FreeRTOS-Kernel/tasks.c.o
 .text.xTaskIncrementTick.part.0
                0x10007f80      0x190 CMakeFiles/hello_freertos.dir/home/tyler/ece6785/FreeRTOS-Kernel/tasks.c.o
 .text.xTaskCreate
                0x10008110       0x24 CMakeFiles/hello_freertos.dir/home/tyler/ece6785/FreeRTOS-Kernel/tasks.c.o
                0x10008110                xTaskCreate
 .text.vTaskStartScheduler
                0x10008134       0x74 CMakeFiles/hello_freertos.dir/home/tyler/ece6785/FreeRTOS-Kernel/tasks.c.o
                0x10008134                vTaskStartScheduler
 .text.vTaskSuspendAll
                0x100081a8       0x10 CMakeFiles/hello_freertos.dir/home/tyler/ece6785/FreeRTOS-Kernel/tasks.c.o
                0x100081a8                vTaskSuspendAll
 .text.xTaskResumeAll
                0x100081b8      0x188 CMakeFiles/hello_freertos.dir/home/tyler/ece6785/FreeRTOS-Kernel/tasks.c.o
                0x100081b8                xTaskResumeAll
 .text.vTaskDelay
                0x10008340       0x84 CMakeFiles/hello_freertos.dir/home/tyler/ece6785/FreeRTOS-Kernel/tasks.c.o
                0x10008340                vTaskDelay
 .text.xTaskGetTickCount
                0x100083c4        0xc CMakeFiles/hello_freertos.dir/home/tyler/ece6785/FreeRTOS-Kernel/tasks.c.o
                0x100083c4                xTaskGetTickCount
 .text.uxTaskGetNumberOfTasks
                0x100083d0        0xc CMakeFiles/hello_freertos.dir/home/tyler/ece6785/FreeRTOS-Kernel/tasks.c.o
                0x100083d0                uxTaskGetNumberOfTasks
 .text.xTaskIncrementTick
                0x100083dc       0x24 CMakeFiles/hello_freertos.dir/home/tyler/ece6785/FreeRTOS-Kernel/tasks.c.o
                0x100083dc                xTaskIncrementTick
 .text.vTaskSwitchContext
                0x10008400       0x7c CMakeFiles/hello_freertos.dir/home/tyler/ece6785/FreeRTOS-Kernel/tasks.c.o
                0x10008400                vTaskSwitchContext
 .text.vTaskPlaceOnEventList
                0x1000847c       0xa0 CMakeFiles/hello_freertos.dir/home/tyler/ece6785/FreeRTOS-Kernel/tasks.c.o
                0x1000847c                vTaskPlaceOnEventList
 .text.vTaskPlaceOnUnorderedEventList
                0x1000851c       0xc4 CMakeFiles/hello_freertos.dir/home/tyler/ece6785/FreeRTOS-Kernel/tasks.c.o
                0x1000851c                vTaskPlaceOnUnorderedEventList
 .text.vTaskPlaceOnEventListRestricted
                0x100085e0       0xf4 CMakeFiles/hello_freertos.dir/home/tyler/ece6785/FreeRTOS-Kernel/tasks.c.o
                0x100085e0                vTaskPlaceOnEventListRestricted
 .text.xTaskRemoveFromEventList
                0x100086d4       0xcc CMakeFiles/hello_freertos.dir/home/tyler/ece6785/FreeRTOS-Kernel/tasks.c.o
                0x100086d4                xTaskRemoveFromEventList
 .text.vTaskRemoveFromUnorderedEventList
                0x100087a0       0x94 CMakeFiles/hello_freertos.dir/home/tyler/ece6785/FreeRTOS-Kernel/tasks.c.o
                0x100087a0                vTaskRemoveFromUnorderedEventList
 .text.vTaskInternalSetTimeOutState
                0x10008834       0x18 CMakeFiles/hello_freertos.dir/home/tyler/ece6785/FreeRTOS-Kernel/tasks.c.o
                0x10008834                vTaskInternalSetTimeOutState
 .text.xTaskCheckForTimeOut
                0x1000884c       0x74 CMakeFiles/hello_freertos.dir/home/tyler/ece6785/FreeRTOS-Kernel/tasks.c.o
                0x1000884c                xTaskCheckForTimeOut
 .text.vTaskMissedYield
                0x100088c0        0xc CMakeFiles/hello_freertos.dir/home/tyler/ece6785/FreeRTOS-Kernel/tasks.c.o
                0x100088c0                vTaskMissedYield
 .text.xTaskGetCurrentTaskHandle
                0x100088cc        0xc CMakeFiles/hello_freertos.dir/home/tyler/ece6785/FreeRTOS-Kernel/tasks.c.o
                0x100088cc                xTaskGetCurrentTaskHandle
 .text.xTaskPriorityDisinherit
                0x100088d8       0x64 CMakeFiles/hello_freertos.dir/home/tyler/ece6785/FreeRTOS-Kernel/tasks.c.o
                0x100088d8                xTaskPriorityDisinherit
 .text.uxTaskResetEventItemValue
                0x1000893c       0x18 CMakeFiles/hello_freertos.dir/home/tyler/ece6785/FreeRTOS-Kernel/tasks.c.o
                0x1000893c                uxTaskResetEventItemValue
 .text.prvTimerTask
                0x10008954      0x3b4 CMakeFiles/hello_freertos.dir/home/tyler/ece6785/FreeRTOS-Kernel/timers.c.o
 .text.xTimerCreateTimerTask
                0x10008d08       0x8c CMakeFiles/hello_freertos.dir/home/tyler/ece6785/FreeRTOS-Kernel/timers.c.o
                0x10008d08                xTimerCreateTimerTask
 .text.xTimerPendFunctionCallFromISR
                0x10008d94       0x28 CMakeFiles/hello_freertos.dir/home/tyler/ece6785/FreeRTOS-Kernel/timers.c.o
                0x10008d94                xTimerPendFunctionCallFromISR
 .text.exception_set_exclusive_handler
                0x10008dbc       0x48 CMakeFiles/hello_freertos.dir/home/tyler/ece6785/pico-sdk/src/rp2_common/hardware_exception/exception.c.o
                0x10008dbc                exception_set_exclusive_handler
 .text.cyw43_arch_set_async_context
                0x10008e04        0xc CMakeFiles/hello_freertos.dir/home/tyler/ece6785/pico-sdk/src/rp2_common/pico_cyw43_arch/cyw43_arch.c.o
                0x10008e04                cyw43_arch_set_async_context
 .text.cyw43_arch_gpio_put
                0x10008e10       0x14 CMakeFiles/hello_freertos.dir/home/tyler/ece6785/pico-sdk/src/rp2_common/pico_cyw43_arch/cyw43_arch.c.o
                0x10008e10                cyw43_arch_gpio_put
 .text.cyw43_arch_async_context
                0x10008e24        0xc CMakeFiles/hello_freertos.dir/home/tyler/ece6785/pico-sdk/src/rp2_common/pico_cyw43_arch/cyw43_arch.c.o
                0x10008e24                cyw43_arch_async_context
 .text.cyw43_arch_init
                0x10008e30       0x64 CMakeFiles/hello_freertos.dir/home/tyler/ece6785/pico-sdk/src/rp2_common/pico_cyw43_arch/cyw43_arch_threadsafe_background.c.o
                0x10008e30                cyw43_arch_init
 .text.ns_delay.constprop.0
                0x10008e94       0x20 CMakeFiles/hello_freertos.dir/home/tyler/ece6785/pico-sdk/src/rp2_common/pico_cyw43_driver/cyw43_bus_pio_spi.c.o
 .text.cyw43_spi_deinit
                0x10008eb4       0x6c CMakeFiles/hello_freertos.dir/home/tyler/ece6785/pico-sdk/src/rp2_common/pico_cyw43_driver/cyw43_bus_pio_spi.c.o
                0x10008eb4                cyw43_spi_deinit
 .text.cyw43_spi_init
                0x10008f20      0x128 CMakeFiles/hello_freertos.dir/home/tyler/ece6785/pico-sdk/src/rp2_common/pico_cyw43_driver/cyw43_bus_pio_spi.c.o
                0x10008f20                cyw43_spi_init
 .text.cyw43_spi_transfer
                0x10009048      0x420 CMakeFiles/hello_freertos.dir/home/tyler/ece6785/pico-sdk/src/rp2_common/pico_cyw43_driver/cyw43_bus_pio_spi.c.o
                0x10009048                cyw43_spi_transfer
 .text.cyw43_spi_gpio_setup
                0x10009468       0x3c CMakeFiles/hello_freertos.dir/home/tyler/ece6785/pico-sdk/src/rp2_common/pico_cyw43_driver/cyw43_bus_pio_spi.c.o
                0x10009468                cyw43_spi_gpio_setup
 .text.cyw43_spi_reset
                0x100094a4       0x28 CMakeFiles/hello_freertos.dir/home/tyler/ece6785/pico-sdk/src/rp2_common/pico_cyw43_driver/cyw43_bus_pio_spi.c.o
                0x100094a4                cyw43_spi_reset
 .text.read_reg_u32_swap
                0x100094cc       0x3c CMakeFiles/hello_freertos.dir/home/tyler/ece6785/pico-sdk/src/rp2_common/pico_cyw43_driver/cyw43_bus_pio_spi.c.o
                0x100094cc                read_reg_u32_swap
 .text.cyw43_read_reg_u32
                0x10009508       0x50 CMakeFiles/hello_freertos.dir/home/tyler/ece6785/pico-sdk/src/rp2_common/pico_cyw43_driver/cyw43_bus_pio_spi.c.o
                0x10009508                cyw43_read_reg_u32
 .text.cyw43_read_reg_u16
                0x10009558       0x50 CMakeFiles/hello_freertos.dir/home/tyler/ece6785/pico-sdk/src/rp2_common/pico_cyw43_driver/cyw43_bus_pio_spi.c.o
                0x10009558                cyw43_read_reg_u16
 .text.cyw43_read_reg_u8
                0x100095a8       0x50 CMakeFiles/hello_freertos.dir/home/tyler/ece6785/pico-sdk/src/rp2_common/pico_cyw43_driver/cyw43_bus_pio_spi.c.o
                0x100095a8                cyw43_read_reg_u8
 .text.write_reg_u32_swap
                0x100095f8      0x214 CMakeFiles/hello_freertos.dir/home/tyler/ece6785/pico-sdk/src/rp2_common/pico_cyw43_driver/cyw43_bus_pio_spi.c.o
                0x100095f8                write_reg_u32_swap
 .text.cyw43_write_reg_u32
                0x1000980c      0x214 CMakeFiles/hello_freertos.dir/home/tyler/ece6785/pico-sdk/src/rp2_common/pico_cyw43_driver/cyw43_bus_pio_spi.c.o
                0x1000980c                cyw43_write_reg_u32
 .text.cyw43_write_reg_u16
                0x10009a20      0x214 CMakeFiles/hello_freertos.dir/home/tyler/ece6785/pico-sdk/src/rp2_common/pico_cyw43_driver/cyw43_bus_pio_spi.c.o
                0x10009a20                cyw43_write_reg_u16
 .text.cyw43_write_reg_u8
                0x10009c34      0x214 CMakeFiles/hello_freertos.dir/home/tyler/ece6785/pico-sdk/src/rp2_common/pico_cyw43_driver/cyw43_bus_pio_spi.c.o
                0x10009c34                cyw43_write_reg_u8
 .text.cyw43_read_bytes
                0x10009e48       0x78 CMakeFiles/hello_freertos.dir/home/tyler/ece6785/pico-sdk/src/rp2_common/pico_cyw43_driver/cyw43_bus_pio_spi.c.o
                0x10009e48                cyw43_read_bytes
 .text.cyw43_write_bytes
                0x10009ec0       0xc0 CMakeFiles/hello_freertos.dir/home/tyler/ece6785/pico-sdk/src/rp2_common/pico_cyw43_driver/cyw43_bus_pio_spi.c.o
                0x10009ec0                cyw43_write_bytes
 .text.cyw43_set_backplane_window
                0x10009f80       0x68 CMakeFiles/hello_freertos.dir/home/tyler/ece6785/pico-sdk/lib/cyw43-driver/src/cyw43_ll.c.o
 .text.cyw43_ll_parse_async_event
                0x10009fe8      0x134 CMakeFiles/hello_freertos.dir/home/tyler/ece6785/pico-sdk/lib/cyw43-driver/src/cyw43_ll.c.o
 .text.cyw43_kso_set
                0x1000a11c       0x80 CMakeFiles/hello_freertos.dir/home/tyler/ece6785/pico-sdk/lib/cyw43-driver/src/cyw43_ll.c.o
 .text.cyw43_ll_sdpcm_poll_device
                0x1000a19c      0x238 CMakeFiles/hello_freertos.dir/home/tyler/ece6785/pico-sdk/lib/cyw43-driver/src/cyw43_ll.c.o
 .text.cyw43_sdpcm_send_common
                0x1000a3d4       0xfc CMakeFiles/hello_freertos.dir/home/tyler/ece6785/pico-sdk/lib/cyw43-driver/src/cyw43_ll.c.o
 .text.cyw43_do_ioctl.part.0
                0x1000a4d0       0xc4 CMakeFiles/hello_freertos.dir/home/tyler/ece6785/pico-sdk/lib/cyw43-driver/src/cyw43_ll.c.o
 .text.cyw43_download_resource
                0x1000a594       0xd0 CMakeFiles/hello_freertos.dir/home/tyler/ece6785/pico-sdk/lib/cyw43-driver/src/cyw43_ll.c.o
 .text.cyw43_write_iovar_u32.constprop.0
                0x1000a664       0x98 CMakeFiles/hello_freertos.dir/home/tyler/ece6785/pico-sdk/lib/cyw43-driver/src/cyw43_ll.c.o
 .text.cyw43_write_iovar_n
                0x1000a6fc       0x8c CMakeFiles/hello_freertos.dir/home/tyler/ece6785/pico-sdk/lib/cyw43-driver/src/cyw43_ll.c.o
 .text.cyw43_read_backplane.constprop.0
                0x1000a788       0xe4 CMakeFiles/hello_freertos.dir/home/tyler/ece6785/pico-sdk/lib/cyw43-driver/src/cyw43_ll.c.o
 .text.cyw43_write_backplane
                0x1000a86c      0x10c CMakeFiles/hello_freertos.dir/home/tyler/ece6785/pico-sdk/lib/cyw43-driver/src/cyw43_ll.c.o
 .text.reset_device_core.constprop.0
                0x1000a978      0x410 CMakeFiles/hello_freertos.dir/home/tyler/ece6785/pico-sdk/lib/cyw43-driver/src/cyw43_ll.c.o
 .text.cyw43_ll_init
                0x1000ad88       0x1c CMakeFiles/hello_freertos.dir/home/tyler/ece6785/pico-sdk/lib/cyw43-driver/src/cyw43_ll.c.o
                0x1000ad88                cyw43_ll_init
 .text.cyw43_ll_deinit
                0x1000ada4        0x8 CMakeFiles/hello_freertos.dir/home/tyler/ece6785/pico-sdk/lib/cyw43-driver/src/cyw43_ll.c.o
                0x1000ada4                cyw43_ll_deinit
 .text.cyw43_ll_process_packets
                0x1000adac       0x54 CMakeFiles/hello_freertos.dir/home/tyler/ece6785/pico-sdk/lib/cyw43-driver/src/cyw43_ll.c.o
                0x1000adac                cyw43_ll_process_packets
 .text.cyw43_ll_ioctl
                0x1000ae00       0x80 CMakeFiles/hello_freertos.dir/home/tyler/ece6785/pico-sdk/lib/cyw43-driver/src/cyw43_ll.c.o
                0x1000ae00                cyw43_ll_ioctl
 .text.cyw43_ll_bus_sleep
                0x1000ae80       0x34 CMakeFiles/hello_freertos.dir/home/tyler/ece6785/pico-sdk/lib/cyw43-driver/src/cyw43_ll.c.o
                0x1000ae80                cyw43_ll_bus_sleep
 .text.cyw43_ll_wifi_get_mac
                0x1000aeb4       0x74 CMakeFiles/hello_freertos.dir/home/tyler/ece6785/pico-sdk/lib/cyw43-driver/src/cyw43_ll.c.o
                0x1000aeb4                cyw43_ll_wifi_get_mac
 .text.cyw43_ll_bus_init
                0x1000af28      0x920 CMakeFiles/hello_freertos.dir/home/tyler/ece6785/pico-sdk/lib/cyw43-driver/src/cyw43_ll.c.o
                0x1000af28                cyw43_ll_bus_init
 .text.cyw43_ll_wifi_set_wpa_auth
                0x1000b848       0x4c CMakeFiles/hello_freertos.dir/home/tyler/ece6785/pico-sdk/lib/cyw43-driver/src/cyw43_ll.c.o
                0x1000b848                cyw43_ll_wifi_set_wpa_auth
 .text.cyw43_ll_wifi_rejoin
                0x1000b894       0x58 CMakeFiles/hello_freertos.dir/home/tyler/ece6785/pico-sdk/lib/cyw43-driver/src/cyw43_ll.c.o
                0x1000b894                cyw43_ll_wifi_rejoin
 .text.cyw43_ll_gpio_set
                0x1000b8ec       0x94 CMakeFiles/hello_freertos.dir/home/tyler/ece6785/pico-sdk/lib/cyw43-driver/src/cyw43_ll.c.o
                0x1000b8ec                cyw43_ll_gpio_set
 .text.cyw43_ll_has_work
                0x1000b980       0x14 CMakeFiles/hello_freertos.dir/home/tyler/ece6785/pico-sdk/lib/cyw43-driver/src/cyw43_ll.c.o
                0x1000b980                cyw43_ll_has_work
 .text.cyw43_poll_func
                0x1000b994       0xc0 CMakeFiles/hello_freertos.dir/home/tyler/ece6785/pico-sdk/lib/cyw43-driver/src/cyw43_ctrl.c.o
 .text.cyw43_init
                0x1000ba54       0x6c CMakeFiles/hello_freertos.dir/home/tyler/ece6785/pico-sdk/lib/cyw43-driver/src/cyw43_ctrl.c.o
                0x1000ba54                cyw43_init
 .text.cyw43_deinit
                0x1000bac0       0x90 CMakeFiles/hello_freertos.dir/home/tyler/ece6785/pico-sdk/lib/cyw43-driver/src/cyw43_ctrl.c.o
                0x1000bac0                cyw43_deinit
 .text.cyw43_cb_read_host_interrupt_pin
                0x1000bb50        0xc CMakeFiles/hello_freertos.dir/home/tyler/ece6785/pico-sdk/lib/cyw43-driver/src/cyw43_ctrl.c.o
                0x1000bb50                cyw43_cb_read_host_interrupt_pin
 .text.cyw43_cb_ensure_awake
                0x1000bb5c        0xc CMakeFiles/hello_freertos.dir/home/tyler/ece6785/pico-sdk/lib/cyw43-driver/src/cyw43_ctrl.c.o
                0x1000bb5c                cyw43_cb_ensure_awake
 .text.cyw43_cb_process_async_event
                0x1000bb68      0x210 CMakeFiles/hello_freertos.dir/home/tyler/ece6785/pico-sdk/lib/cyw43-driver/src/cyw43_ctrl.c.o
                0x1000bb68                cyw43_cb_process_async_event
 .text.cyw43_gpio_set
                0x1000bd78       0xa0 CMakeFiles/hello_freertos.dir/home/tyler/ece6785/pico-sdk/lib/cyw43-driver/src/cyw43_ctrl.c.o
                0x1000bd78                cyw43_gpio_set
 .text.pio_sm_set_pindirs_with_mask64
                0x1000be18       0xac CMakeFiles/hello_freertos.dir/home/tyler/ece6785/pico-sdk/src/rp2_common/hardware_pio/pio.c.o
                0x1000be18                pio_sm_set_pindirs_with_mask64
 .text.pio_sm_set_consecutive_pindirs
                0x1000bec4       0xb4 CMakeFiles/hello_freertos.dir/home/tyler/ece6785/pico-sdk/src/rp2_common/hardware_pio/pio.c.o
                0x1000bec4                pio_sm_set_consecutive_pindirs
 .text.pio_claim_free_sm_and_add_program_for_gpio_range
                0x1000bf78      0x18c CMakeFiles/hello_freertos.dir/home/tyler/ece6785/pico-sdk/src/rp2_common/hardware_pio/pio.c.o
                0x1000bf78                pio_claim_free_sm_and_add_program_for_gpio_range
 .text.pio_remove_program_and_unclaim_sm
                0x1000c104       0x40 CMakeFiles/hello_freertos.dir/home/tyler/ece6785/pico-sdk/src/rp2_common/hardware_pio/pio.c.o
                0x1000c104                pio_remove_program_and_unclaim_sm
 .text.dma_channel_unclaim
                0x1000c144       0x14 CMakeFiles/hello_freertos.dir/home/tyler/ece6785/pico-sdk/src/rp2_common/hardware_dma/dma.c.o
                0x1000c144                dma_channel_unclaim
 .text.dma_claim_unused_channel
                0x1000c158       0x24 CMakeFiles/hello_freertos.dir/home/tyler/ece6785/pico-sdk/src/rp2_common/hardware_dma/dma.c.o
                0x1000c158                dma_claim_unused_channel
 .text.dma_channel_cleanup
                0x1000c17c       0x64 CMakeFiles/hello_freertos.dir/home/tyler/ece6785/pico-sdk/src/rp2_common/hardware_dma/dma.c.o
                0x1000c17c                dma_channel_cleanup
 .text.cyw43_sleep_timeout_reached
                0x1000c1e0       0x10 CMakeFiles/hello_freertos.dir/home/tyler/ece6785/pico-sdk/src/rp2_common/pico_cyw43_driver/cyw43_driver.c.o
 .text.cyw43_irq_init
                0x1000c1f0       0x28 CMakeFiles/hello_freertos.dir/home/tyler/ece6785/pico-sdk/src/rp2_common/pico_cyw43_driver/cyw43_driver.c.o
                0x1000c1f0                cyw43_irq_init
 .text.cyw43_irq_deinit
                0x1000c218       0x20 CMakeFiles/hello_freertos.dir/home/tyler/ece6785/pico-sdk/src/rp2_common/pico_cyw43_driver/cyw43_driver.c.o
                0x1000c218                cyw43_irq_deinit
 .text.cyw43_gpio_irq_handler
                0x1000c238       0x44 CMakeFiles/hello_freertos.dir/home/tyler/ece6785/pico-sdk/src/rp2_common/pico_cyw43_driver/cyw43_driver.c.o
 .text.cyw43_do_poll
                0x1000c27c       0x70 CMakeFiles/hello_freertos.dir/home/tyler/ece6785/pico-sdk/src/rp2_common/pico_cyw43_driver/cyw43_driver.c.o
 .text.cyw43_post_poll_hook
                0x1000c2ec       0x10 CMakeFiles/hello_freertos.dir/home/tyler/ece6785/pico-sdk/src/rp2_common/pico_cyw43_driver/cyw43_driver.c.o
                0x1000c2ec                cyw43_post_poll_hook
 .text.cyw43_schedule_internal_poll_dispatch
                0x1000c2fc       0x18 CMakeFiles/hello_freertos.dir/home/tyler/ece6785/pico-sdk/src/rp2_common/pico_cyw43_driver/cyw43_driver.c.o
                0x1000c2fc                cyw43_schedule_internal_poll_dispatch
 .text.cyw43_driver_init
                0x1000c314       0x38 CMakeFiles/hello_freertos.dir/home/tyler/ece6785/pico-sdk/src/rp2_common/pico_cyw43_driver/cyw43_driver.c.o
                0x1000c314                cyw43_driver_init
 .text.cyw43_driver_deinit
                0x1000c34c       0x4c CMakeFiles/hello_freertos.dir/home/tyler/ece6785/pico-sdk/src/rp2_common/pico_cyw43_driver/cyw43_driver.c.o
                0x1000c34c                cyw43_driver_deinit
 .text.cyw43_hal_generate_laa_mac
                0x1000c398       0x28 CMakeFiles/hello_freertos.dir/home/tyler/ece6785/pico-sdk/src/rp2_common/pico_cyw43_driver/cyw43_driver.c.o
                0x1000c398                cyw43_hal_generate_laa_mac
 .text.cyw43_thread_enter
                0x1000c3c0       0x14 CMakeFiles/hello_freertos.dir/home/tyler/ece6785/pico-sdk/src/rp2_common/pico_cyw43_driver/cyw43_driver.c.o
                0x1000c3c0                cyw43_thread_enter
 .text.cyw43_thread_exit
                0x1000c3d4       0x14 CMakeFiles/hello_freertos.dir/home/tyler/ece6785/pico-sdk/src/rp2_common/pico_cyw43_driver/cyw43_driver.c.o
                0x1000c3d4                cyw43_thread_exit
 .text.cyw43_await_background_or_timeout_us
                0x1000c3e8       0x64 CMakeFiles/hello_freertos.dir/home/tyler/ece6785/pico-sdk/src/rp2_common/pico_cyw43_driver/cyw43_driver.c.o
                0x1000c3e8                cyw43_await_background_or_timeout_us
 .text.cyw43_delay_ms
                0x1000c44c       0x48 CMakeFiles/hello_freertos.dir/home/tyler/ece6785/pico-sdk/src/rp2_common/pico_cyw43_driver/cyw43_driver.c.o
                0x1000c44c                cyw43_delay_ms
 .text.cyw43_cb_tcpip_deinit
                0x1000c494        0x4 CMakeFiles/hello_freertos.dir/home/tyler/ece6785/pico-sdk/src/rp2_common/pico_cyw43_driver/cyw43_driver.c.o
                0x1000c494                cyw43_cb_tcpip_deinit
 .text.cyw43_cb_tcpip_set_link_up
                0x1000c498        0xc CMakeFiles/hello_freertos.dir/home/tyler/ece6785/pico-sdk/src/rp2_common/pico_cyw43_driver/cyw43_driver.c.o
                0x1000c498                cyw43_cb_tcpip_set_link_up
 .text.cyw43_cb_tcpip_set_link_down
                0x1000c4a4        0xc CMakeFiles/hello_freertos.dir/home/tyler/ece6785/pico-sdk/src/rp2_common/pico_cyw43_driver/cyw43_driver.c.o
                0x1000c4a4                cyw43_cb_tcpip_set_link_down
 .text.cyw43_cb_process_ethernet
                0x1000c4b0        0xc CMakeFiles/hello_freertos.dir/home/tyler/ece6785/pico-sdk/src/rp2_common/pico_cyw43_driver/cyw43_driver.c.o
                0x1000c4b0                cyw43_cb_process_ethernet
 .text.handle_sync_func_call
                0x1000c4bc       0x24 CMakeFiles/hello_freertos.dir/home/tyler/ece6785/pico-sdk/src/rp2_common/pico_async_context/async_context_threadsafe_background.c.o
 .text.async_context_threadsafe_background_acquire_lock_blocking
                0x1000c4e0        0xc CMakeFiles/hello_freertos.dir/home/tyler/ece6785/pico-sdk/src/rp2_common/pico_async_context/async_context_threadsafe_background.c.o
 .text.process_under_lock
                0x1000c4ec       0xcc CMakeFiles/hello_freertos.dir/home/tyler/ece6785/pico-sdk/src/rp2_common/pico_async_context/async_context_threadsafe_background.c.o
 .text.async_context_threadsafe_background_deinit
                0x1000c5b8       0x64 CMakeFiles/hello_freertos.dir/home/tyler/ece6785/pico-sdk/src/rp2_common/pico_async_context/async_context_threadsafe_background.c.o
 .text.low_priority_irq_handler
                0x1000c61c       0x3c CMakeFiles/hello_freertos.dir/home/tyler/ece6785/pico-sdk/src/rp2_common/pico_async_context/async_context_threadsafe_background.c.o
 .text.async_context_threadsafe_background_wait_for_work_until
                0x1000c658        0xc CMakeFiles/hello_freertos.dir/home/tyler/ece6785/pico-sdk/src/rp2_common/pico_async_context/async_context_threadsafe_background.c.o
 .text.async_context_threadsafe_background_wait_until
                0x1000c664       0x1c CMakeFiles/hello_freertos.dir/home/tyler/ece6785/pico-sdk/src/rp2_common/pico_async_context/async_context_threadsafe_background.c.o
 .text.async_context_threadsafe_background_execute_sync
                0x1000c680       0xe0 CMakeFiles/hello_freertos.dir/home/tyler/ece6785/pico-sdk/src/rp2_common/pico_async_context/async_context_threadsafe_background.c.o
                0x1000c680                async_context_threadsafe_background_execute_sync
 .text.async_context_threadsafe_background_lock_check
                0x1000c760       0x24 CMakeFiles/hello_freertos.dir/home/tyler/ece6785/pico-sdk/src/rp2_common/pico_async_context/async_context_threadsafe_background.c.o
 .text.async_context_threadsafe_background_set_work_pending
                0x1000c784       0x50 CMakeFiles/hello_freertos.dir/home/tyler/ece6785/pico-sdk/src/rp2_common/pico_async_context/async_context_threadsafe_background.c.o
 .text.alarm_handler
                0x1000c7d4       0x58 CMakeFiles/hello_freertos.dir/home/tyler/ece6785/pico-sdk/src/rp2_common/pico_async_context/async_context_threadsafe_background.c.o
 .text.async_context_threadsafe_background_release_lock
                0x1000c82c       0x7c CMakeFiles/hello_freertos.dir/home/tyler/ece6785/pico-sdk/src/rp2_common/pico_async_context/async_context_threadsafe_background.c.o
 .text.async_context_threadsafe_background_when_pending_worker
                0x1000c8a8       0x90 CMakeFiles/hello_freertos.dir/home/tyler/ece6785/pico-sdk/src/rp2_common/pico_async_context/async_context_threadsafe_background.c.o
 .text.async_context_threadsafe_background_add_at_time_worker
                0x1000c938       0x90 CMakeFiles/hello_freertos.dir/home/tyler/ece6785/pico-sdk/src/rp2_common/pico_async_context/async_context_threadsafe_background.c.o
 .text.async_context_threadsafe_background_remove_at_time_worker
                0x1000c9c8       0x90 CMakeFiles/hello_freertos.dir/home/tyler/ece6785/pico-sdk/src/rp2_common/pico_async_context/async_context_threadsafe_background.c.o
 .text.async_context_threadsafe_background_add_when_pending_worker
                0x1000ca58       0x90 CMakeFiles/hello_freertos.dir/home/tyler/ece6785/pico-sdk/src/rp2_common/pico_async_context/async_context_threadsafe_background.c.o
 .text.async_context_threadsafe_background_default_config
                0x1000cae8        0xc CMakeFiles/hello_freertos.dir/home/tyler/ece6785/pico-sdk/src/rp2_common/pico_async_context/async_context_threadsafe_background.c.o
                0x1000cae8                async_context_threadsafe_background_default_config
 .text.async_context_threadsafe_background_init
                0x1000caf4       0xa8 CMakeFiles/hello_freertos.dir/home/tyler/ece6785/pico-sdk/src/rp2_common/pico_async_context/async_context_threadsafe_background.c.o
                0x1000caf4                async_context_threadsafe_background_init
 .text          0x1000cb9c       0x74 /usr/lib/gcc/arm-none-eabi/13.2.1/../../../arm-none-eabi/lib/thumb/v6-m/nofp/libg.a(libc_a-strncmp.o)
                0x1000cb9c                strncmp
 .text          0x1000cc10       0xb0 /usr/lib/gcc/arm-none-eabi/13.2.1/../../../arm-none-eabi/lib/thumb/v6-m/nofp/libg.a(libc_a-memmove.o)
                0x1000cc10                memmove
 .text          0x1000ccc0       0x18 /usr/lib/gcc/arm-none-eabi/13.2.1/../../../arm-none-eabi/lib/thumb/v6-m/nofp/libg.a(libc_a-calloc.o)
                0x1000ccc0                calloc
 .text          0x1000ccd8       0xa8 /usr/lib/gcc/arm-none-eabi/13.2.1/../../../arm-none-eabi/lib/thumb/v6-m/nofp/libg.a(libc_a-callocr.o)
                0x1000ccd8                _calloc_r
 .text          0x1000cd80      0x5b4 /usr/lib/gcc/arm-none-eabi/13.2.1/../../../arm-none-eabi/lib/thumb/v6-m/nofp/libg.a(libc_a-mallocr.o)
                0x1000cd80                _malloc_r
 .text          0x1000d334      0x288 /usr/lib/gcc/arm-none-eabi/13.2.1/../../../arm-none-eabi/lib/thumb/v6-m/nofp/libg.a(libc_a-freer.o)
                0x1000d334                _malloc_trim_r
                0x1000d3e8                _free_r
 .text          0x1000d5bc       0x28 /usr/lib/gcc/arm-none-eabi/13.2.1/../../../arm-none-eabi/lib/thumb/v6-m/nofp/libg.a(libc_a-malloc.o)
                0x1000d5bc                malloc
                0x1000d5d0                free
 .text          0x1000d5e4       0x1c /usr/lib/gcc/arm-none-eabi/13.2.1/../../../arm-none-eabi/lib/thumb/v6-m/nofp/libg.a(libc_a-sysconf.o)
                0x1000d5e4                sysconf
 .text          0x1000d600        0x8 /usr/lib/gcc/arm-none-eabi/13.2.1/../../../arm-none-eabi/lib/thumb/v6-m/nofp/libg.a(libc_a-mlock.o)
                0x1000d600                __malloc_lock
                0x1000d604                __malloc_unlock
 .text          0x1000d608       0x10 /usr/lib/gcc/arm-none-eabi/13.2.1/../../../arm-none-eabi/lib/thumb/v6-m/nofp/libg.a(libc_a-atexit.o)
                0x1000d608                atexit
 .text          0x1000d618       0x5c /usr/lib/gcc/arm-none-eabi/13.2.1/../../../arm-none-eabi/lib/thumb/v6-m/nofp/libg.a(libc_a-strlen-stub.o)
                0x1000d618                strlen
 .text          0x1000d674       0x24 /usr/lib/gcc/arm-none-eabi/13.2.1/../../../arm-none-eabi/lib/thumb/v6-m/nofp/libg.a(libc_a-sbrkr.o)
                0x1000d674                _sbrk_r
 .text          0x1000d698       0x28 /usr/lib/gcc/arm-none-eabi/13.2.1/../../../arm-none-eabi/lib/thumb/v6-m/nofp/libg.a(libc_a-fini.o)
                0x1000d698                __libc_fini_array